TASK=56 HOST=gs27r3b46 METHOD=multiply PARAMETER=a COMPSSTYPE=11 BASICTYPE=float64,nd.array IS_ARRAY=True DESCRIPTION=Numpy array with shape: 2x2 CONTENT=[[0.78232658 0.80324135] [0.44914562 0.95945486]] DIRECTION=IN
TASK=56 HOST=gs27r3b46 METHOD=multiply PARAMETER=b COMPSSTYPE=11 BASICTYPE=float64,nd.array IS_ARRAY=True DESCRIPTION=Numpy array with shape: 2x2 CONTENT=[[0.60396494 0.29267036] [0.31783377 0.14764876]] DIRECTION=IN
TASK=56 HOST=gs27r3b46 METHOD=multiply PARAMETER=c COMPSSTYPE=11 BASICTYPE=float64,nd.array IS_ARRAY=True DESCRIPTION=Numpy array with shape: 2x2 CONTENT=[[0.88525417 0.7447471 ] [0.71573297 0.86278441]] DIRECTION=IN
TASK=56 HOST=gs27r3b46 METHOD=multiply PARAMETER=a COMPSSTYPE=11 BASICTYPE=float64,nd.array IS_ARRAY=True DESCRIPTION=Numpy array with shape: 2x2 CONTENT=[[0.78232658 0.80324135] [0.44914562 0.95945486]] DIRECTION=OUT
TASK=56 HOST=gs27r3b46 METHOD=multiply PARAMETER=b COMPSSTYPE=11 BASICTYPE=float64,nd.array IS_ARRAY=True DESCRIPTION=Numpy array with shape: 2x2 CONTENT=[[0.60396494 0.29267036] [0.31783377 0.14764876]] DIRECTION=OUT
TASK=56 HOST=gs27r3b46 METHOD=multiply PARAMETER=c COMPSSTYPE=11 BASICTYPE=float64,nd.array IS_ARRAY=True DESCRIPTION=Numpy array with shape: 2x2 CONTENT=[[1.35775199 0.97983204] [0.85848661 1.00444674]] DIRECTION=OUT
TASK=24 HOST=gs27r3b46 METHOD=multiply PARAMETER=a COMPSSTYPE=11 BASICTYPE=float64,nd.array IS_ARRAY=True DESCRIPTION=Numpy array with shape: 2x2 CONTENT=[[0.18484934 0.84101247] [0.2156469  0.14442832]] DIRECTION=IN
TASK=24 HOST=gs27r3b46 METHOD=multiply PARAMETER=b COMPSSTYPE=11 BASICTYPE=float64,nd.array IS_ARRAY=True DESCRIPTION=Numpy array with shape: 2x2 CONTENT=[[0.60396494 0.29267036] [0.31783377 0.14764876]] DIRECTION=IN
TASK=24 HOST=gs27r3b46 METHOD=multiply PARAMETER=c COMPSSTYPE=11 BASICTYPE=float64,nd.array IS_ARRAY=True DESCRIPTION=Numpy array with shape: 2x2 CONTENT=[[0.559706   1.33895991] [0.53704237 0.65504008]] DIRECTION=IN
TASK=24 HOST=gs27r3b46 METHOD=multiply PARAMETER=a COMPSSTYPE=11 BASICTYPE=float64,nd.array IS_ARRAY=True DESCRIPTION=Numpy array with shape: 2x2 CONTENT=[[0.18484934 0.84101247] [0.2156469  0.14442832]] DIRECTION=OUT
TASK=24 HOST=gs27r3b46 METHOD=multiply PARAMETER=b COMPSSTYPE=11 BASICTYPE=float64,nd.array IS_ARRAY=True DESCRIPTION=Numpy array with shape: 2x2 CONTENT=[[0.60396494 0.29267036] [0.31783377 0.14764876]] DIRECTION=OUT
TASK=24 HOST=gs27r3b46 METHOD=multiply PARAMETER=c COMPSSTYPE=11 BASICTYPE=float64,nd.array IS_ARRAY=True DESCRIPTION=Numpy array with shape: 2x2 CONTENT=[[0.67134852 1.58509933] [0.60558224 0.67636474]] DIRECTION=OUT
TASK=64 HOST=gs27r3b46 METHOD=multiply PARAMETER=a COMPSSTYPE=11 BASICTYPE=float64,nd.array IS_ARRAY=True DESCRIPTION=Numpy array with shape: 2x2 CONTENT=[[0.78232658 0.80324135] [0.44914562 0.95945486]] DIRECTION=IN
TASK=64 HOST=gs27r3b46 METHOD=multiply PARAMETER=b COMPSSTYPE=11 BASICTYPE=float64,nd.array IS_ARRAY=True DESCRIPTION=Numpy array with shape: 2x2 CONTENT=[[0.89889665 0.69746202] [0.71368191 0.31968817]] DIRECTION=IN
TASK=64 HOST=gs27r3b46 METHOD=multiply PARAMETER=c COMPSSTYPE=11 BASICTYPE=float64,nd.array IS_ARRAY=True DESCRIPTION=Numpy array with shape: 2x2 CONTENT=[[0.80955473 0.53878676] [0.30270146 0.64600629]] DIRECTION=IN
TASK=52 HOST=gs27r3b46 METHOD=multiply PARAMETER=a COMPSSTYPE=11 BASICTYPE=float64,nd.array IS_ARRAY=True DESCRIPTION=Numpy array with shape: 2x2 CONTENT=[[0.78232658 0.80324135] [0.44914562 0.95945486]] DIRECTION=IN
TASK=64 HOST=gs27r3b46 METHOD=multiply PARAMETER=a COMPSSTYPE=11 BASICTYPE=float64,nd.array IS_ARRAY=True DESCRIPTION=Numpy array with shape: 2x2 CONTENT=[[0.78232658 0.80324135] [0.44914562 0.95945486]] DIRECTION=OUT
TASK=52 HOST=gs27r3b46 METHOD=multiply PARAMETER=b COMPSSTYPE=11 BASICTYPE=float64,nd.array IS_ARRAY=True DESCRIPTION=Numpy array with shape: 2x2 CONTENT=[[0.67815057 0.77705247] [0.71012177 0.43466393]] DIRECTION=IN
TASK=64 HOST=gs27r3b46 METHOD=multiply PARAMETER=b COMPSSTYPE=11 BASICTYPE=float64,nd.array IS_ARRAY=True DESCRIPTION=Numpy array with shape: 2x2 CONTENT=[[0.89889665 0.69746202] [0.71368191 0.31968817]] DIRECTION=OUT
TASK=52 HOST=gs27r3b46 METHOD=multiply PARAMETER=c COMPSSTYPE=11 BASICTYPE=float64,nd.array IS_ARRAY=True DESCRIPTION=Numpy array with shape: 2x2 CONTENT=[[0.58251088 0.57747406] [1.07191024 0.75483014]] DIRECTION=IN
TASK=64 HOST=gs27r3b46 METHOD=multiply PARAMETER=c COMPSSTYPE=11 BASICTYPE=float64,nd.array IS_ARRAY=True DESCRIPTION=Numpy array with shape: 2x2 CONTENT=[[1.51278547 1.09901709] [0.62324856 0.95273265]] DIRECTION=OUT
TASK=44 HOST=gs27r3b46 METHOD=multiply PARAMETER=a COMPSSTYPE=11 BASICTYPE=float64,nd.array IS_ARRAY=True DESCRIPTION=Numpy array with shape: 2x2 CONTENT=[[0.35603649 0.18535439] [0.54486308 0.579924  ]] DIRECTION=IN
TASK=60 HOST=gs27r3b46 METHOD=multiply PARAMETER=a COMPSSTYPE=11 BASICTYPE=float64,nd.array IS_ARRAY=True DESCRIPTION=Numpy array with shape: 2x2 CONTENT=[[0.78232658 0.80324135] [0.44914562 0.95945486]] DIRECTION=IN
TASK=36 HOST=gs27r3b46 METHOD=multiply PARAMETER=a COMPSSTYPE=11 BASICTYPE=float64,nd.array IS_ARRAY=True DESCRIPTION=Numpy array with shape: 2x2 CONTENT=[[0.35603649 0.18535439] [0.54486308 0.579924  ]] DIRECTION=IN
TASK=44 HOST=gs27r3b46 METHOD=multiply PARAMETER=b COMPSSTYPE=11 BASICTYPE=float64,nd.array IS_ARRAY=True DESCRIPTION=Numpy array with shape: 2x2 CONTENT=[[0.52956942 0.99388256] [0.46040654 0.9622665 ]] DIRECTION=IN
TASK=60 HOST=gs27r3b46 METHOD=multiply PARAMETER=b COMPSSTYPE=11 BASICTYPE=float64,nd.array IS_ARRAY=True DESCRIPTION=Numpy array with shape: 2x2 CONTENT=[[0.52956942 0.99388256] [0.46040654 0.9622665 ]] DIRECTION=IN
TASK=52 HOST=gs27r3b46 METHOD=multiply PARAMETER=a COMPSSTYPE=11 BASICTYPE=float64,nd.array IS_ARRAY=True DESCRIPTION=Numpy array with shape: 2x2 CONTENT=[[0.78232658 0.80324135] [0.44914562 0.95945486]] DIRECTION=OUT
TASK=44 HOST=gs27r3b46 METHOD=multiply PARAMETER=c COMPSSTYPE=11 BASICTYPE=float64,nd.array IS_ARRAY=True DESCRIPTION=Numpy array with shape: 2x2 CONTENT=[[0.5890816  1.04581605] [0.642891   0.27068481]] DIRECTION=IN
TASK=60 HOST=gs27r3b46 METHOD=multiply PARAMETER=c COMPSSTYPE=11 BASICTYPE=float64,nd.array IS_ARRAY=True DESCRIPTION=Numpy array with shape: 2x2 CONTENT=[[0.62244982 0.86478684] [0.68192445 0.50906131]] DIRECTION=IN
TASK=52 HOST=gs27r3b46 METHOD=multiply PARAMETER=b COMPSSTYPE=11 BASICTYPE=float64,nd.array IS_ARRAY=True DESCRIPTION=Numpy array with shape: 2x2 CONTENT=[[0.67815057 0.77705247] [0.71012177 0.43466393]] DIRECTION=OUT
TASK=52 HOST=gs27r3b46 METHOD=multiply PARAMETER=c COMPSSTYPE=11 BASICTYPE=float64,nd.array IS_ARRAY=True DESCRIPTION=Numpy array with shape: 2x2 CONTENT=[[1.1130461  1.20163474] [1.39085832 1.17187055]] DIRECTION=OUT
TASK=48 HOST=gs27r3b46 METHOD=multiply PARAMETER=a COMPSSTYPE=11 BASICTYPE=float64,nd.array IS_ARRAY=True DESCRIPTION=Numpy array with shape: 2x2 CONTENT=[[0.35603649 0.18535439] [0.54486308 0.579924  ]] DIRECTION=IN
TASK=44 HOST=gs27r3b46 METHOD=multiply PARAMETER=a COMPSSTYPE=11 BASICTYPE=float64,nd.array IS_ARRAY=True DESCRIPTION=Numpy array with shape: 2x2 CONTENT=[[0.35603649 0.18535439] [0.54486308 0.579924  ]] DIRECTION=OUT
TASK=60 HOST=gs27r3b46 METHOD=multiply PARAMETER=a COMPSSTYPE=11 BASICTYPE=float64,nd.array IS_ARRAY=True DESCRIPTION=Numpy array with shape: 2x2 CONTENT=[[0.78232658 0.80324135] [0.44914562 0.95945486]] DIRECTION=OUT
TASK=48 HOST=gs27r3b46 METHOD=multiply PARAMETER=b COMPSSTYPE=11 BASICTYPE=float64,nd.array IS_ARRAY=True DESCRIPTION=Numpy array with shape: 2x2 CONTENT=[[0.89889665 0.69746202] [0.71368191 0.31968817]] DIRECTION=IN
TASK=44 HOST=gs27r3b46 METHOD=multiply PARAMETER=b COMPSSTYPE=11 BASICTYPE=float64,nd.array IS_ARRAY=True DESCRIPTION=Numpy array with shape: 2x2 CONTENT=[[0.52956942 0.99388256] [0.46040654 0.9622665 ]] DIRECTION=OUT
TASK=60 HOST=gs27r3b46 METHOD=multiply PARAMETER=b COMPSSTYPE=11 BASICTYPE=float64,nd.array IS_ARRAY=True DESCRIPTION=Numpy array with shape: 2x2 CONTENT=[[0.52956942 0.99388256] [0.46040654 0.9622665 ]] DIRECTION=OUT
TASK=48 HOST=gs27r3b46 METHOD=multiply PARAMETER=c COMPSSTYPE=11 BASICTYPE=float64,nd.array IS_ARRAY=True DESCRIPTION=Numpy array with shape: 2x2 CONTENT=[[0.71594046 0.44524331] [0.21768618 0.64688552]] DIRECTION=IN
TASK=44 HOST=gs27r3b46 METHOD=multiply PARAMETER=c COMPSSTYPE=11 BASICTYPE=float64,nd.array IS_ARRAY=True DESCRIPTION=Numpy array with shape: 2x2 CONTENT=[[0.77762763 1.23003655] [0.89374953 0.82872624]] DIRECTION=OUT
TASK=60 HOST=gs27r3b46 METHOD=multiply PARAMETER=c COMPSSTYPE=11 BASICTYPE=float64,nd.array IS_ARRAY=True DESCRIPTION=Numpy array with shape: 2x2 CONTENT=[[1.03674605 1.66311441] [0.88871404 1.43231258]] DIRECTION=OUT
TASK=20 HOST=gs27r3b46 METHOD=multiply PARAMETER=a COMPSSTYPE=11 BASICTYPE=float64,nd.array IS_ARRAY=True DESCRIPTION=Numpy array with shape: 2x2 CONTENT=[[0.18484934 0.84101247] [0.2156469  0.14442832]] DIRECTION=IN
TASK=20 HOST=gs27r3b46 METHOD=multiply PARAMETER=b COMPSSTYPE=11 BASICTYPE=float64,nd.array IS_ARRAY=True DESCRIPTION=Numpy array with shape: 2x2 CONTENT=[[0.67815057 0.77705247] [0.71012177 0.43466393]] DIRECTION=IN
TASK=20 HOST=gs27r3b46 METHOD=multiply PARAMETER=c COMPSSTYPE=11 BASICTYPE=float64,nd.array IS_ARRAY=True DESCRIPTION=Numpy array with shape: 2x2 CONTENT=[[0.60171438 1.19928737] [1.10281293 0.45420678]] DIRECTION=IN
TASK=20 HOST=gs27r3b46 METHOD=multiply PARAMETER=a COMPSSTYPE=11 BASICTYPE=float64,nd.array IS_ARRAY=True DESCRIPTION=Numpy array with shape: 2x2 CONTENT=[[0.18484934 0.84101247] [0.2156469  0.14442832]] DIRECTION=OUT
TASK=20 HOST=gs27r3b46 METHOD=multiply PARAMETER=b COMPSSTYPE=11 BASICTYPE=float64,nd.array IS_ARRAY=True DESCRIPTION=Numpy array with shape: 2x2 CONTENT=[[0.67815057 0.77705247] [0.71012177 0.43466393]] DIRECTION=OUT
TASK=20 HOST=gs27r3b46 METHOD=multiply PARAMETER=c COMPSSTYPE=11 BASICTYPE=float64,nd.array IS_ARRAY=True DESCRIPTION=Numpy array with shape: 2x2 CONTENT=[[0.72707007 1.8527982 ] [1.25594848 0.51698456]] DIRECTION=OUT
TASK=32 HOST=gs27r3b46 METHOD=multiply PARAMETER=a COMPSSTYPE=11 BASICTYPE=float64,nd.array IS_ARRAY=True DESCRIPTION=Numpy array with shape: 2x2 CONTENT=[[0.18484934 0.84101247] [0.2156469  0.14442832]] DIRECTION=IN
TASK=32 HOST=gs27r3b46 METHOD=multiply PARAMETER=b COMPSSTYPE=11 BASICTYPE=float64,nd.array IS_ARRAY=True DESCRIPTION=Numpy array with shape: 2x2 CONTENT=[[0.89889665 0.69746202] [0.71368191 0.31968817]] DIRECTION=IN
TASK=8 HOST=gs27r3b46 METHOD=multiply PARAMETER=a COMPSSTYPE=11 BASICTYPE=float64,nd.array IS_ARRAY=True DESCRIPTION=Numpy array with shape: 2x2 CONTENT=[[0.96163537 0.81714542] [0.72709035 0.84715956]] DIRECTION=IN
TASK=32 HOST=gs27r3b46 METHOD=multiply PARAMETER=c COMPSSTYPE=11 BASICTYPE=float64,nd.array IS_ARRAY=True DESCRIPTION=Numpy array with shape: 2x2 CONTENT=[[0.70240095 0.7408946 ] [0.47952114 0.42743837]] DIRECTION=IN
TASK=8 HOST=gs27r3b46 METHOD=multiply PARAMETER=b COMPSSTYPE=11 BASICTYPE=float64,nd.array IS_ARRAY=True DESCRIPTION=Numpy array with shape: 2x2 CONTENT=[[0.60396494 0.29267036] [0.31783377 0.14764876]] DIRECTION=IN
TASK=40 HOST=gs27r3b46 METHOD=multiply PARAMETER=a COMPSSTYPE=11 BASICTYPE=float64,nd.array IS_ARRAY=True DESCRIPTION=Numpy array with shape: 2x2 CONTENT=[[0.35603649 0.18535439] [0.54486308 0.579924  ]] DIRECTION=IN
TASK=8 HOST=gs27r3b46 METHOD=multiply PARAMETER=c COMPSSTYPE=11 BASICTYPE=float64,nd.array IS_ARRAY=True DESCRIPTION=Numpy array with shape: 2x2 CONTENT=[[0.45440505 0.79588419] [0.58090242 0.9936339 ]] DIRECTION=IN
TASK=16 HOST=gs27r3b46 METHOD=multiply PARAMETER=a COMPSSTYPE=11 BASICTYPE=float64,nd.array IS_ARRAY=True DESCRIPTION=Numpy array with shape: 2x2 CONTENT=[[0.96163537 0.81714542] [0.72709035 0.84715956]] DIRECTION=IN
TASK=40 HOST=gs27r3b46 METHOD=multiply PARAMETER=b COMPSSTYPE=11 BASICTYPE=float64,nd.array IS_ARRAY=True DESCRIPTION=Numpy array with shape: 2x2 CONTENT=[[0.60396494 0.29267036] [0.31783377 0.14764876]] DIRECTION=IN
TASK=32 HOST=gs27r3b46 METHOD=multiply PARAMETER=a COMPSSTYPE=11 BASICTYPE=float64,nd.array IS_ARRAY=True DESCRIPTION=Numpy array with shape: 2x2 CONTENT=[[0.18484934 0.84101247] [0.2156469  0.14442832]] DIRECTION=OUT
TASK=40 HOST=gs27r3b46 METHOD=multiply PARAMETER=c COMPSSTYPE=11 BASICTYPE=float64,nd.array IS_ARRAY=True DESCRIPTION=Numpy array with shape: 2x2 CONTENT=[[1.13025838 0.87492776] [0.55204167 0.44122098]] DIRECTION=IN
TASK=16 HOST=gs27r3b46 METHOD=multiply PARAMETER=b COMPSSTYPE=11 BASICTYPE=float64,nd.array IS_ARRAY=True DESCRIPTION=Numpy array with shape: 2x2 CONTENT=[[0.89889665 0.69746202] [0.71368191 0.31968817]] DIRECTION=IN
TASK=8 HOST=gs27r3b46 METHOD=multiply PARAMETER=a COMPSSTYPE=11 BASICTYPE=float64,nd.array IS_ARRAY=True DESCRIPTION=Numpy array with shape: 2x2 CONTENT=[[0.96163537 0.81714542] [0.72709035 0.84715956]] DIRECTION=OUT
TASK=16 HOST=gs27r3b46 METHOD=multiply PARAMETER=c COMPSSTYPE=11 BASICTYPE=float64,nd.array IS_ARRAY=True DESCRIPTION=Numpy array with shape: 2x2 CONTENT=[[0.43290119 0.50296343] [0.67942594 0.79411237]] DIRECTION=IN
TASK=8 HOST=gs27r3b46 METHOD=multiply PARAMETER=b COMPSSTYPE=11 BASICTYPE=float64,nd.array IS_ARRAY=True DESCRIPTION=Numpy array with shape: 2x2 CONTENT=[[0.60396494 0.29267036] [0.31783377 0.14764876]] DIRECTION=OUT
TASK=8 HOST=gs27r3b46 METHOD=multiply PARAMETER=c COMPSSTYPE=11 BASICTYPE=float64,nd.array IS_ARRAY=True DESCRIPTION=Numpy array with shape: 2x2 CONTENT=[[1.03519911 1.03503843] [0.81199628 1.11871596]] DIRECTION=OUT
TASK=12 HOST=gs27r3b46 METHOD=multiply PARAMETER=a COMPSSTYPE=11 BASICTYPE=float64,nd.array IS_ARRAY=True DESCRIPTION=Numpy array with shape: 2x2 CONTENT=[[0.96163537 0.81714542] [0.72709035 0.84715956]] DIRECTION=IN
TASK=40 HOST=gs27r3b46 METHOD=multiply PARAMETER=a COMPSSTYPE=11 BASICTYPE=float64,nd.array IS_ARRAY=True DESCRIPTION=Numpy array with shape: 2x2 CONTENT=[[0.35603649 0.18535439] [0.54486308 0.579924  ]] DIRECTION=OUT
TASK=40 HOST=gs27r3b46 METHOD=multiply PARAMETER=b COMPSSTYPE=11 BASICTYPE=float64,nd.array IS_ARRAY=True DESCRIPTION=Numpy array with shape: 2x2 CONTENT=[[0.60396494 0.29267036] [0.31783377 0.14764876]] DIRECTION=OUT
TASK=16 HOST=gs27r3b46 METHOD=multiply PARAMETER=a COMPSSTYPE=11 BASICTYPE=float64,nd.array IS_ARRAY=True DESCRIPTION=Numpy array with shape: 2x2 CONTENT=[[0.96163537 0.81714542] [0.72709035 0.84715956]] DIRECTION=OUT
TASK=12 HOST=gs27r3b46 METHOD=multiply PARAMETER=b COMPSSTYPE=11 BASICTYPE=float64,nd.array IS_ARRAY=True DESCRIPTION=Numpy array with shape: 2x2 CONTENT=[[0.52956942 0.99388256] [0.46040654 0.9622665 ]] DIRECTION=IN
TASK=32 HOST=gs27r3b46 METHOD=multiply PARAMETER=b COMPSSTYPE=11 BASICTYPE=float64,nd.array IS_ARRAY=True DESCRIPTION=Numpy array with shape: 2x2 CONTENT=[[0.89889665 0.69746202] [0.71368191 0.31968817]] DIRECTION=OUT
TASK=48 HOST=gs27r3b46 METHOD=multiply PARAMETER=a COMPSSTYPE=11 BASICTYPE=float64,nd.array IS_ARRAY=True DESCRIPTION=Numpy array with shape: 2x2 CONTENT=[[0.35603649 0.18535439] [0.54486308 0.579924  ]] DIRECTION=OUT
TASK=16 HOST=gs27r3b46 METHOD=multiply PARAMETER=b COMPSSTYPE=11 BASICTYPE=float64,nd.array IS_ARRAY=True DESCRIPTION=Numpy array with shape: 2x2 CONTENT=[[0.89889665 0.69746202] [0.71368191 0.31968817]] DIRECTION=OUT
TASK=4 HOST=gs27r3b46 METHOD=multiply PARAMETER=a COMPSSTYPE=11 BASICTYPE=float64,nd.array IS_ARRAY=True DESCRIPTION=Numpy array with shape: 2x2 CONTENT=[[0.96163537 0.81714542] [0.72709035 0.84715956]] DIRECTION=IN
TASK=40 HOST=gs27r3b46 METHOD=multiply PARAMETER=c COMPSSTYPE=11 BASICTYPE=float64,nd.array IS_ARRAY=True DESCRIPTION=Numpy array with shape: 2x2 CONTENT=[[1.34529194 0.9291755 ] [0.72521755 0.52684604]] DIRECTION=OUT
TASK=48 HOST=gs27r3b46 METHOD=multiply PARAMETER=b COMPSSTYPE=11 BASICTYPE=float64,nd.array IS_ARRAY=True DESCRIPTION=Numpy array with shape: 2x2 CONTENT=[[0.89889665 0.69746202] [0.71368191 0.31968817]] DIRECTION=OUT
TASK=12 HOST=gs27r3b46 METHOD=multiply PARAMETER=c COMPSSTYPE=11 BASICTYPE=float64,nd.array IS_ARRAY=True DESCRIPTION=Numpy array with shape: 2x2 CONTENT=[[0.32411848 0.69332339] [0.92161678 0.37942147]] DIRECTION=IN
TASK=48 HOST=gs27r3b46 METHOD=multiply PARAMETER=c COMPSSTYPE=11 BASICTYPE=float64,nd.array IS_ARRAY=True DESCRIPTION=Numpy array with shape: 2x2 CONTENT=[[1.03598047 0.57452096] [0.6065451  0.83228036]] DIRECTION=OUT
TASK=32 HOST=gs27r3b46 METHOD=multiply PARAMETER=c COMPSSTYPE=11 BASICTYPE=float64,nd.array IS_ARRAY=True DESCRIPTION=Numpy array with shape: 2x2 CONTENT=[[0.8685614  1.32746885] [0.63342443 0.47361039]] DIRECTION=OUT
TASK=36 HOST=gs27r3b46 METHOD=multiply PARAMETER=b COMPSSTYPE=11 BASICTYPE=float64,nd.array IS_ARRAY=True DESCRIPTION=Numpy array with shape: 2x2 CONTENT=[[0.67815057 0.77705247] [0.71012177 0.43466393]] DIRECTION=IN
TASK=16 HOST=gs27r3b46 METHOD=multiply PARAMETER=c COMPSSTYPE=11 BASICTYPE=float64,nd.array IS_ARRAY=True DESCRIPTION=Numpy array with shape: 2x2 CONTENT=[[1.29731201 1.07289133] [1.19833717 1.06493925]] DIRECTION=OUT
TASK=4 HOST=gs27r3b46 METHOD=multiply PARAMETER=b COMPSSTYPE=11 BASICTYPE=float64,nd.array IS_ARRAY=True DESCRIPTION=Numpy array with shape: 2x2 CONTENT=[[0.67815057 0.77705247] [0.71012177 0.43466393]] DIRECTION=IN
TASK=12 HOST=gs27r3b46 METHOD=multiply PARAMETER=a COMPSSTYPE=11 BASICTYPE=float64,nd.array IS_ARRAY=True DESCRIPTION=Numpy array with shape: 2x2 CONTENT=[[0.96163537 0.81714542] [0.72709035 0.84715956]] DIRECTION=OUT
TASK=28 HOST=gs27r3b46 METHOD=multiply PARAMETER=a COMPSSTYPE=11 BASICTYPE=float64,nd.array IS_ARRAY=True DESCRIPTION=Numpy array with shape: 2x2 CONTENT=[[0.18484934 0.84101247] [0.2156469  0.14442832]] DIRECTION=IN
TASK=36 HOST=gs27r3b46 METHOD=multiply PARAMETER=c COMPSSTYPE=11 BASICTYPE=float64,nd.array IS_ARRAY=True DESCRIPTION=Numpy array with shape: 2x2 CONTENT=[[0.67471657 0.86844193] [0.4632569  0.86982146]] DIRECTION=IN
TASK=4 HOST=gs27r3b46 METHOD=multiply PARAMETER=c COMPSSTYPE=11 BASICTYPE=float64,nd.array IS_ARRAY=True DESCRIPTION=Numpy array with shape: 2x2 CONTENT=[[0.31387765 0.47510686] [1.45282818 0.91757114]] DIRECTION=IN
TASK=12 HOST=gs27r3b46 METHOD=multiply PARAMETER=b COMPSSTYPE=11 BASICTYPE=float64,nd.array IS_ARRAY=True DESCRIPTION=Numpy array with shape: 2x2 CONTENT=[[0.52956942 0.99388256] [0.46040654 0.9622665 ]] DIRECTION=OUT
TASK=28 HOST=gs27r3b46 METHOD=multiply PARAMETER=b COMPSSTYPE=11 BASICTYPE=float64,nd.array IS_ARRAY=True DESCRIPTION=Numpy array with shape: 2x2 CONTENT=[[0.52956942 0.99388256] [0.46040654 0.9622665 ]] DIRECTION=IN
TASK=12 HOST=gs27r3b46 METHOD=multiply PARAMETER=c COMPSSTYPE=11 BASICTYPE=float64,nd.array IS_ARRAY=True DESCRIPTION=Numpy array with shape: 2x2 CONTENT=[[0.83337116 1.50546997] [1.25637394 1.19461474]] DIRECTION=OUT
TASK=28 HOST=gs27r3b46 METHOD=multiply PARAMETER=c COMPSSTYPE=11 BASICTYPE=float64,nd.array IS_ARRAY=True DESCRIPTION=Numpy array with shape: 2x2 CONTENT=[[0.4023836  1.51290495] [0.74136979 0.2187119 ]] DIRECTION=IN
TASK=36 HOST=gs27r3b46 METHOD=multiply PARAMETER=a COMPSSTYPE=11 BASICTYPE=float64,nd.array IS_ARRAY=True DESCRIPTION=Numpy array with shape: 2x2 CONTENT=[[0.35603649 0.18535439] [0.54486308 0.579924  ]] DIRECTION=OUT
TASK=4 HOST=gs27r3b46 METHOD=multiply PARAMETER=a COMPSSTYPE=11 BASICTYPE=float64,nd.array IS_ARRAY=True DESCRIPTION=Numpy array with shape: 2x2 CONTENT=[[0.96163537 0.81714542] [0.72709035 0.84715956]] DIRECTION=OUT
TASK=36 HOST=gs27r3b46 METHOD=multiply PARAMETER=b COMPSSTYPE=11 BASICTYPE=float64,nd.array IS_ARRAY=True DESCRIPTION=Numpy array with shape: 2x2 CONTENT=[[0.67815057 0.77705247] [0.71012177 0.43466393]] DIRECTION=OUT
TASK=4 HOST=gs27r3b46 METHOD=multiply PARAMETER=b COMPSSTYPE=11 BASICTYPE=float64,nd.array IS_ARRAY=True DESCRIPTION=Numpy array with shape: 2x2 CONTENT=[[0.67815057 0.77705247] [0.71012177 0.43466393]] DIRECTION=OUT
TASK=36 HOST=gs27r3b46 METHOD=multiply PARAMETER=c COMPSSTYPE=11 BASICTYPE=float64,nd.array IS_ARRAY=True DESCRIPTION=Numpy array with shape: 2x2 CONTENT=[[0.91616292 1.01247202] [0.85017603 1.1218935 ]] DIRECTION=OUT
TASK=4 HOST=gs27r3b46 METHOD=multiply PARAMETER=c COMPSSTYPE=11 BASICTYPE=float64,nd.array IS_ARRAY=True DESCRIPTION=Numpy array with shape: 2x2 CONTENT=[[0.96601123 1.11007173] [1.96915086 1.28580084]] DIRECTION=OUT
TASK=28 HOST=gs27r3b46 METHOD=multiply PARAMETER=a COMPSSTYPE=11 BASICTYPE=float64,nd.array IS_ARRAY=True DESCRIPTION=Numpy array with shape: 2x2 CONTENT=[[0.18484934 0.84101247] [0.2156469  0.14442832]] DIRECTION=OUT
TASK=28 HOST=gs27r3b46 METHOD=multiply PARAMETER=b COMPSSTYPE=11 BASICTYPE=float64,nd.array IS_ARRAY=True DESCRIPTION=Numpy array with shape: 2x2 CONTENT=[[0.52956942 0.99388256] [0.46040654 0.9622665 ]] DIRECTION=OUT
TASK=28 HOST=gs27r3b46 METHOD=multiply PARAMETER=c COMPSSTYPE=11 BASICTYPE=float64,nd.array IS_ARRAY=True DESCRIPTION=Numpy array with shape: 2x2 CONTENT=[[0.50027416 2.34877258] [0.84065503 0.35769043]] DIRECTION=OUT
