TASK=43 HOST=gs27r3b50 METHOD=multiply PARAMETER=a COMPSSTYPE=11 BASICTYPE=float64,nd.array IS_ARRAY=True DESCRIPTION=Numpy array with shape: 2x2 CONTENT=[[0.60464754 0.30311637] [0.68621188 0.14192169]] DIRECTION=IN
TASK=43 HOST=gs27r3b50 METHOD=multiply PARAMETER=b COMPSSTYPE=11 BASICTYPE=float64,nd.array IS_ARRAY=True DESCRIPTION=Numpy array with shape: 2x2 CONTENT=[[0.19063113 0.48554277] [0.76089414 0.17162787]] DIRECTION=IN
TASK=43 HOST=gs27r3b50 METHOD=multiply PARAMETER=c COMPSSTYPE=11 BASICTYPE=float64,nd.array IS_ARRAY=True DESCRIPTION=Numpy array with shape: 2x2 CONTENT=[[0.47381695 0.89864009] [0.1207564  0.24632709]] DIRECTION=IN
TASK=43 HOST=gs27r3b50 METHOD=multiply PARAMETER=a COMPSSTYPE=11 BASICTYPE=float64,nd.array IS_ARRAY=True DESCRIPTION=Numpy array with shape: 2x2 CONTENT=[[0.60464754 0.30311637] [0.68621188 0.14192169]] DIRECTION=OUT
TASK=43 HOST=gs27r3b50 METHOD=multiply PARAMETER=b COMPSSTYPE=11 BASICTYPE=float64,nd.array IS_ARRAY=True DESCRIPTION=Numpy array with shape: 2x2 CONTENT=[[0.19063113 0.48554277] [0.76089414 0.17162787]] DIRECTION=OUT
TASK=43 HOST=gs27r3b50 METHOD=multiply PARAMETER=c COMPSSTYPE=11 BASICTYPE=float64,nd.array IS_ARRAY=True DESCRIPTION=Numpy array with shape: 2x2 CONTENT=[[0.5890816  1.04581605] [0.642891   0.27068481]] DIRECTION=OUT
TASK=27 HOST=gs27r3b50 METHOD=multiply PARAMETER=a COMPSSTYPE=11 BASICTYPE=float64,nd.array IS_ARRAY=True DESCRIPTION=Numpy array with shape: 2x2 CONTENT=[[0.06276748 0.60728503] [0.22152854 0.68743859]] DIRECTION=IN
TASK=11 HOST=gs27r3b50 METHOD=multiply PARAMETER=a COMPSSTYPE=11 BASICTYPE=float64,nd.array IS_ARRAY=True DESCRIPTION=Numpy array with shape: 2x2 CONTENT=[[0.01233269 0.52392913] [0.05470759 0.91816934]] DIRECTION=IN
TASK=39 HOST=gs27r3b50 METHOD=multiply PARAMETER=a COMPSSTYPE=11 BASICTYPE=float64,nd.array IS_ARRAY=True DESCRIPTION=Numpy array with shape: 2x2 CONTENT=[[0.60464754 0.30311637] [0.68621188 0.14192169]] DIRECTION=IN
TASK=23 HOST=gs27r3b50 METHOD=multiply PARAMETER=a COMPSSTYPE=11 BASICTYPE=float64,nd.array IS_ARRAY=True DESCRIPTION=Numpy array with shape: 2x2 CONTENT=[[0.06276748 0.60728503] [0.22152854 0.68743859]] DIRECTION=IN
TASK=19 HOST=gs27r3b50 METHOD=multiply PARAMETER=a COMPSSTYPE=11 BASICTYPE=float64,nd.array IS_ARRAY=True DESCRIPTION=Numpy array with shape: 2x2 CONTENT=[[0.06276748 0.60728503] [0.22152854 0.68743859]] DIRECTION=IN
TASK=3 HOST=gs27r3b50 METHOD=multiply PARAMETER=a COMPSSTYPE=11 BASICTYPE=float64,nd.array IS_ARRAY=True DESCRIPTION=Numpy array with shape: 2x2 CONTENT=[[0.01233269 0.52392913] [0.05470759 0.91816934]] DIRECTION=IN
TASK=35 HOST=gs27r3b50 METHOD=multiply PARAMETER=a COMPSSTYPE=11 BASICTYPE=float64,nd.array IS_ARRAY=True DESCRIPTION=Numpy array with shape: 2x2 CONTENT=[[0.60464754 0.30311637] [0.68621188 0.14192169]] DIRECTION=IN
TASK=27 HOST=gs27r3b50 METHOD=multiply PARAMETER=b COMPSSTYPE=11 BASICTYPE=float64,nd.array IS_ARRAY=True DESCRIPTION=Numpy array with shape: 2x2 CONTENT=[[0.19063113 0.48554277] [0.76089414 0.17162787]] DIRECTION=IN
TASK=39 HOST=gs27r3b50 METHOD=multiply PARAMETER=b COMPSSTYPE=11 BASICTYPE=float64,nd.array IS_ARRAY=True DESCRIPTION=Numpy array with shape: 2x2 CONTENT=[[0.72215664 0.53978467] [0.58441177 0.75402048]] DIRECTION=IN
TASK=15 HOST=gs27r3b50 METHOD=multiply PARAMETER=a COMPSSTYPE=11 BASICTYPE=float64,nd.array IS_ARRAY=True DESCRIPTION=Numpy array with shape: 2x2 CONTENT=[[0.01233269 0.52392913] [0.05470759 0.91816934]] DIRECTION=IN
TASK=27 HOST=gs27r3b50 METHOD=multiply PARAMETER=c COMPSSTYPE=11 BASICTYPE=float64,nd.array IS_ARRAY=True DESCRIPTION=Numpy array with shape: 2x2 CONTENT=[[0.39041816 1.21804209] [0.57281002 0.10072828]] DIRECTION=IN
TASK=23 HOST=gs27r3b50 METHOD=multiply PARAMETER=b COMPSSTYPE=11 BASICTYPE=float64,nd.array IS_ARRAY=True DESCRIPTION=Numpy array with shape: 2x2 CONTENT=[[0.72215664 0.53978467] [0.58441177 0.75402048]] DIRECTION=IN
TASK=3 HOST=gs27r3b50 METHOD=multiply PARAMETER=b COMPSSTYPE=11 BASICTYPE=float64,nd.array IS_ARRAY=True DESCRIPTION=Numpy array with shape: 2x2 CONTENT=[[0.80863034 0.08603695] [0.06846751 0.15468221]] DIRECTION=IN
TASK=11 HOST=gs27r3b50 METHOD=multiply PARAMETER=b COMPSSTYPE=11 BASICTYPE=float64,nd.array IS_ARRAY=True DESCRIPTION=Numpy array with shape: 2x2 CONTENT=[[0.19063113 0.48554277] [0.76089414 0.17162787]] DIRECTION=IN
TASK=3 HOST=gs27r3b50 METHOD=multiply PARAMETER=c COMPSSTYPE=11 BASICTYPE=float64,nd.array IS_ARRAY=True DESCRIPTION=Numpy array with shape: 2x2 CONTENT=[[0.30390506 0.43002959] [1.44908249 0.77554668]] DIRECTION=IN
TASK=35 HOST=gs27r3b50 METHOD=multiply PARAMETER=b COMPSSTYPE=11 BASICTYPE=float64,nd.array IS_ARRAY=True DESCRIPTION=Numpy array with shape: 2x2 CONTENT=[[0.80863034 0.08603695] [0.06846751 0.15468221]] DIRECTION=IN
TASK=15 HOST=gs27r3b50 METHOD=multiply PARAMETER=b COMPSSTYPE=11 BASICTYPE=float64,nd.array IS_ARRAY=True DESCRIPTION=Numpy array with shape: 2x2 CONTENT=[[0.50815153 0.62803973] [0.17138707 0.25761557]] DIRECTION=IN
TASK=39 HOST=gs27r3b50 METHOD=multiply PARAMETER=c COMPSSTYPE=11 BASICTYPE=float64,nd.array IS_ARRAY=True DESCRIPTION=Numpy array with shape: 2x2 CONTENT=[[0.69360815 0.71131019] [0.15101137 0.33420912]] DIRECTION=IN
TASK=23 HOST=gs27r3b50 METHOD=multiply PARAMETER=c COMPSSTYPE=11 BASICTYPE=float64,nd.array IS_ARRAY=True DESCRIPTION=Numpy array with shape: 2x2 CONTENT=[[0.51437805 1.01115676] [0.40757848 0.1366973 ]] DIRECTION=IN
TASK=27 HOST=gs27r3b50 METHOD=multiply PARAMETER=a COMPSSTYPE=11 BASICTYPE=float64,nd.array IS_ARRAY=True DESCRIPTION=Numpy array with shape: 2x2 CONTENT=[[0.06276748 0.60728503] [0.22152854 0.68743859]] DIRECTION=OUT
TASK=19 HOST=gs27r3b50 METHOD=multiply PARAMETER=b COMPSSTYPE=11 BASICTYPE=float64,nd.array IS_ARRAY=True DESCRIPTION=Numpy array with shape: 2x2 CONTENT=[[0.80863034 0.08603695] [0.06846751 0.15468221]] DIRECTION=IN
TASK=31 HOST=gs27r3b50 METHOD=multiply PARAMETER=a COMPSSTYPE=11 BASICTYPE=float64,nd.array IS_ARRAY=True DESCRIPTION=Numpy array with shape: 2x2 CONTENT=[[0.06276748 0.60728503] [0.22152854 0.68743859]] DIRECTION=IN
TASK=15 HOST=gs27r3b50 METHOD=multiply PARAMETER=c COMPSSTYPE=11 BASICTYPE=float64,nd.array IS_ARRAY=True DESCRIPTION=Numpy array with shape: 2x2 CONTENT=[[0.42663432 0.17391512] [0.67004977 0.55757765]] DIRECTION=IN
TASK=27 HOST=gs27r3b50 METHOD=multiply PARAMETER=b COMPSSTYPE=11 BASICTYPE=float64,nd.array IS_ARRAY=True DESCRIPTION=Numpy array with shape: 2x2 CONTENT=[[0.19063113 0.48554277] [0.76089414 0.17162787]] DIRECTION=OUT
TASK=35 HOST=gs27r3b50 METHOD=multiply PARAMETER=c COMPSSTYPE=11 BASICTYPE=float64,nd.array IS_ARRAY=True DESCRIPTION=Numpy array with shape: 2x2 CONTENT=[[0.18578022 0.84236272] [0.41627368 0.8478687 ]] DIRECTION=IN
TASK=11 HOST=gs27r3b50 METHOD=multiply PARAMETER=c COMPSSTYPE=11 BASICTYPE=float64,nd.array IS_ARRAY=True DESCRIPTION=Numpy array with shape: 2x2 CONTENT=[[0.32176748 0.43893339] [0.8799901  0.22183802]] DIRECTION=IN
TASK=55 HOST=gs27r3b50 METHOD=multiply PARAMETER=a COMPSSTYPE=11 BASICTYPE=float64,nd.array IS_ARRAY=True DESCRIPTION=Numpy array with shape: 2x2 CONTENT=[[0.04134207 0.62066826] [0.59014982 0.37465977]] DIRECTION=IN
TASK=63 HOST=gs27r3b50 METHOD=multiply PARAMETER=a COMPSSTYPE=11 BASICTYPE=float64,nd.array IS_ARRAY=True DESCRIPTION=Numpy array with shape: 2x2 CONTENT=[[0.04134207 0.62066826] [0.59014982 0.37465977]] DIRECTION=IN
TASK=31 HOST=gs27r3b50 METHOD=multiply PARAMETER=b COMPSSTYPE=11 BASICTYPE=float64,nd.array IS_ARRAY=True DESCRIPTION=Numpy array with shape: 2x2 CONTENT=[[0.50815153 0.62803973] [0.17138707 0.25761557]] DIRECTION=IN
TASK=23 HOST=gs27r3b50 METHOD=multiply PARAMETER=a COMPSSTYPE=11 BASICTYPE=float64,nd.array IS_ARRAY=True DESCRIPTION=Numpy array with shape: 2x2 CONTENT=[[0.06276748 0.60728503] [0.22152854 0.68743859]] DIRECTION=OUT
TASK=27 HOST=gs27r3b50 METHOD=multiply PARAMETER=c COMPSSTYPE=11 BASICTYPE=float64,nd.array IS_ARRAY=True DESCRIPTION=Numpy array with shape: 2x2 CONTENT=[[0.4023836  1.51290495] [0.74136979 0.2187119 ]] DIRECTION=OUT
TASK=15 HOST=gs27r3b50 METHOD=multiply PARAMETER=a COMPSSTYPE=11 BASICTYPE=float64,nd.array IS_ARRAY=True DESCRIPTION=Numpy array with shape: 2x2 CONTENT=[[0.01233269 0.52392913] [0.05470759 0.91816934]] DIRECTION=OUT
TASK=59 HOST=gs27r3b50 METHOD=multiply PARAMETER=a COMPSSTYPE=11 BASICTYPE=float64,nd.array IS_ARRAY=True DESCRIPTION=Numpy array with shape: 2x2 CONTENT=[[0.04134207 0.62066826] [0.59014982 0.37465977]] DIRECTION=IN
TASK=31 HOST=gs27r3b50 METHOD=multiply PARAMETER=c COMPSSTYPE=11 BASICTYPE=float64,nd.array IS_ARRAY=True DESCRIPTION=Numpy array with shape: 2x2 CONTENT=[[0.67050555 0.35949547] [0.44155401 0.25034348]] DIRECTION=IN
TASK=11 HOST=gs27r3b50 METHOD=multiply PARAMETER=a COMPSSTYPE=11 BASICTYPE=float64,nd.array IS_ARRAY=True DESCRIPTION=Numpy array with shape: 2x2 CONTENT=[[0.01233269 0.52392913] [0.05470759 0.91816934]] DIRECTION=OUT
TASK=35 HOST=gs27r3b50 METHOD=multiply PARAMETER=a COMPSSTYPE=11 BASICTYPE=float64,nd.array IS_ARRAY=True DESCRIPTION=Numpy array with shape: 2x2 CONTENT=[[0.60464754 0.30311637] [0.68621188 0.14192169]] DIRECTION=OUT
TASK=59 HOST=gs27r3b50 METHOD=multiply PARAMETER=b COMPSSTYPE=11 BASICTYPE=float64,nd.array IS_ARRAY=True DESCRIPTION=Numpy array with shape: 2x2 CONTENT=[[0.19063113 0.48554277] [0.76089414 0.17162787]] DIRECTION=IN
TASK=47 HOST=gs27r3b50 METHOD=multiply PARAMETER=a COMPSSTYPE=11 BASICTYPE=float64,nd.array IS_ARRAY=True DESCRIPTION=Numpy array with shape: 2x2 CONTENT=[[0.60464754 0.30311637] [0.68621188 0.14192169]] DIRECTION=IN
TASK=31 HOST=gs27r3b50 METHOD=multiply PARAMETER=a COMPSSTYPE=11 BASICTYPE=float64,nd.array IS_ARRAY=True DESCRIPTION=Numpy array with shape: 2x2 CONTENT=[[0.06276748 0.60728503] [0.22152854 0.68743859]] DIRECTION=OUT
TASK=35 HOST=gs27r3b50 METHOD=multiply PARAMETER=b COMPSSTYPE=11 BASICTYPE=float64,nd.array IS_ARRAY=True DESCRIPTION=Numpy array with shape: 2x2 CONTENT=[[0.80863034 0.08603695] [0.06846751 0.15468221]] DIRECTION=OUT
TASK=39 HOST=gs27r3b50 METHOD=multiply PARAMETER=a COMPSSTYPE=11 BASICTYPE=float64,nd.array IS_ARRAY=True DESCRIPTION=Numpy array with shape: 2x2 CONTENT=[[0.60464754 0.30311637] [0.68621188 0.14192169]] DIRECTION=OUT
TASK=15 HOST=gs27r3b50 METHOD=multiply PARAMETER=b COMPSSTYPE=11 BASICTYPE=float64,nd.array IS_ARRAY=True DESCRIPTION=Numpy array with shape: 2x2 CONTENT=[[0.50815153 0.62803973] [0.17138707 0.25761557]] DIRECTION=OUT
TASK=23 HOST=gs27r3b50 METHOD=multiply PARAMETER=b COMPSSTYPE=11 BASICTYPE=float64,nd.array IS_ARRAY=True DESCRIPTION=Numpy array with shape: 2x2 CONTENT=[[0.72215664 0.53978467] [0.58441177 0.75402048]] DIRECTION=OUT
TASK=51 HOST=gs27r3b50 METHOD=multiply PARAMETER=a COMPSSTYPE=11 BASICTYPE=float64,nd.array IS_ARRAY=True DESCRIPTION=Numpy array with shape: 2x2 CONTENT=[[0.04134207 0.62066826] [0.59014982 0.37465977]] DIRECTION=IN
TASK=7 HOST=gs27r3b50 METHOD=multiply PARAMETER=a COMPSSTYPE=11 BASICTYPE=float64,nd.array IS_ARRAY=True DESCRIPTION=Numpy array with shape: 2x2 CONTENT=[[0.01233269 0.52392913] [0.05470759 0.91816934]] DIRECTION=IN
TASK=59 HOST=gs27r3b50 METHOD=multiply PARAMETER=c COMPSSTYPE=11 BASICTYPE=float64,nd.array IS_ARRAY=True DESCRIPTION=Numpy array with shape: 2x2 CONTENT=[[0.61456874 0.56342586] [0.23288291 0.44475925]] DIRECTION=IN
TASK=39 HOST=gs27r3b50 METHOD=multiply PARAMETER=b COMPSSTYPE=11 BASICTYPE=float64,nd.array IS_ARRAY=True DESCRIPTION=Numpy array with shape: 2x2 CONTENT=[[0.72215664 0.53978467] [0.58441177 0.75402048]] DIRECTION=OUT
TASK=47 HOST=gs27r3b50 METHOD=multiply PARAMETER=b COMPSSTYPE=11 BASICTYPE=float64,nd.array IS_ARRAY=True DESCRIPTION=Numpy array with shape: 2x2 CONTENT=[[0.50815153 0.62803973] [0.17138707 0.25761557]] DIRECTION=IN
TASK=19 HOST=gs27r3b50 METHOD=multiply PARAMETER=c COMPSSTYPE=11 BASICTYPE=float64,nd.array IS_ARRAY=True DESCRIPTION=Numpy array with shape: 2x2 CONTENT=[[0.55095869 1.14703842] [1.08764542 0.34787226]] DIRECTION=IN
TASK=11 HOST=gs27r3b50 METHOD=multiply PARAMETER=b COMPSSTYPE=11 BASICTYPE=float64,nd.array IS_ARRAY=True DESCRIPTION=Numpy array with shape: 2x2 CONTENT=[[0.19063113 0.48554277] [0.76089414 0.17162787]] DIRECTION=OUT
TASK=63 HOST=gs27r3b50 METHOD=multiply PARAMETER=b COMPSSTYPE=11 BASICTYPE=float64,nd.array IS_ARRAY=True DESCRIPTION=Numpy array with shape: 2x2 CONTENT=[[0.50815153 0.62803973] [0.17138707 0.25761557]] DIRECTION=IN
TASK=47 HOST=gs27r3b50 METHOD=multiply PARAMETER=c COMPSSTYPE=11 BASICTYPE=float64,nd.array IS_ARRAY=True DESCRIPTION=Numpy array with shape: 2x2 CONTENT=[[0.40868789 0.25487419] [0.10007834 0.61032428]] DIRECTION=IN
TASK=39 HOST=gs27r3b50 METHOD=multiply PARAMETER=c COMPSSTYPE=11 BASICTYPE=float64,nd.array IS_ARRAY=True DESCRIPTION=Numpy array with shape: 2x2 CONTENT=[[1.13025838 0.87492776] [0.55204167 0.44122098]] DIRECTION=OUT
TASK=7 HOST=gs27r3b50 METHOD=multiply PARAMETER=b COMPSSTYPE=11 BASICTYPE=float64,nd.array IS_ARRAY=True DESCRIPTION=Numpy array with shape: 2x2 CONTENT=[[0.72215664 0.53978467] [0.58441177 0.75402048]] DIRECTION=IN
TASK=59 HOST=gs27r3b50 METHOD=multiply PARAMETER=a COMPSSTYPE=11 BASICTYPE=float64,nd.array IS_ARRAY=True DESCRIPTION=Numpy array with shape: 2x2 CONTENT=[[0.04134207 0.62066826] [0.59014982 0.37465977]] DIRECTION=OUT
TASK=31 HOST=gs27r3b50 METHOD=multiply PARAMETER=b COMPSSTYPE=11 BASICTYPE=float64,nd.array IS_ARRAY=True DESCRIPTION=Numpy array with shape: 2x2 CONTENT=[[0.50815153 0.62803973] [0.17138707 0.25761557]] DIRECTION=OUT
TASK=63 HOST=gs27r3b50 METHOD=multiply PARAMETER=c COMPSSTYPE=11 BASICTYPE=float64,nd.array IS_ARRAY=True DESCRIPTION=Numpy array with shape: 2x2 CONTENT=[[0.78854669 0.14898243] [0.20155741 0.5494881 ]] DIRECTION=IN
TASK=11 HOST=gs27r3b50 METHOD=multiply PARAMETER=c COMPSSTYPE=11 BASICTYPE=float64,nd.array IS_ARRAY=True DESCRIPTION=Numpy array with shape: 2x2 CONTENT=[[0.32411848 0.69332339] [0.92161678 0.37942147]] DIRECTION=OUT
TASK=15 HOST=gs27r3b50 METHOD=multiply PARAMETER=c COMPSSTYPE=11 BASICTYPE=float64,nd.array IS_ARRAY=True DESCRIPTION=Numpy array with shape: 2x2 CONTENT=[[0.43290119 0.50296343] [0.67942594 0.79411237]] DIRECTION=OUT
TASK=19 HOST=gs27r3b50 METHOD=multiply PARAMETER=a COMPSSTYPE=11 BASICTYPE=float64,nd.array IS_ARRAY=True DESCRIPTION=Numpy array with shape: 2x2 CONTENT=[[0.06276748 0.60728503] [0.22152854 0.68743859]] DIRECTION=OUT
TASK=7 HOST=gs27r3b50 METHOD=multiply PARAMETER=c COMPSSTYPE=11 BASICTYPE=float64,nd.array IS_ARRAY=True DESCRIPTION=Numpy array with shape: 2x2 CONTENT=[[0.44549892 0.51307528] [0.54893066 0.30131541]] DIRECTION=IN
TASK=55 HOST=gs27r3b50 METHOD=multiply PARAMETER=b COMPSSTYPE=11 BASICTYPE=float64,nd.array IS_ARRAY=True DESCRIPTION=Numpy array with shape: 2x2 CONTENT=[[0.72215664 0.53978467] [0.58441177 0.75402048]] DIRECTION=IN
TASK=51 HOST=gs27r3b50 METHOD=multiply PARAMETER=b COMPSSTYPE=11 BASICTYPE=float64,nd.array IS_ARRAY=True DESCRIPTION=Numpy array with shape: 2x2 CONTENT=[[0.80863034 0.08603695] [0.06846751 0.15468221]] DIRECTION=IN
TASK=19 HOST=gs27r3b50 METHOD=multiply PARAMETER=b COMPSSTYPE=11 BASICTYPE=float64,nd.array IS_ARRAY=True DESCRIPTION=Numpy array with shape: 2x2 CONTENT=[[0.80863034 0.08603695] [0.06846751 0.15468221]] DIRECTION=OUT
TASK=63 HOST=gs27r3b50 METHOD=multiply PARAMETER=a COMPSSTYPE=11 BASICTYPE=float64,nd.array IS_ARRAY=True DESCRIPTION=Numpy array with shape: 2x2 CONTENT=[[0.04134207 0.62066826] [0.59014982 0.37465977]] DIRECTION=OUT
TASK=3 HOST=gs27r3b50 METHOD=multiply PARAMETER=a COMPSSTYPE=11 BASICTYPE=float64,nd.array IS_ARRAY=True DESCRIPTION=Numpy array with shape: 2x2 CONTENT=[[0.01233269 0.52392913] [0.05470759 0.91816934]] DIRECTION=OUT
TASK=59 HOST=gs27r3b50 METHOD=multiply PARAMETER=b COMPSSTYPE=11 BASICTYPE=float64,nd.array IS_ARRAY=True DESCRIPTION=Numpy array with shape: 2x2 CONTENT=[[0.19063113 0.48554277] [0.76089414 0.17162787]] DIRECTION=OUT
TASK=31 HOST=gs27r3b50 METHOD=multiply PARAMETER=c COMPSSTYPE=11 BASICTYPE=float64,nd.array IS_ARRAY=True DESCRIPTION=Numpy array with shape: 2x2 CONTENT=[[0.70240095 0.7408946 ] [0.47952114 0.42743837]] DIRECTION=OUT
TASK=47 HOST=gs27r3b50 METHOD=multiply PARAMETER=a COMPSSTYPE=11 BASICTYPE=float64,nd.array IS_ARRAY=True DESCRIPTION=Numpy array with shape: 2x2 CONTENT=[[0.60464754 0.30311637] [0.68621188 0.14192169]] DIRECTION=OUT
TASK=23 HOST=gs27r3b50 METHOD=multiply PARAMETER=c COMPSSTYPE=11 BASICTYPE=float64,nd.array IS_ARRAY=True DESCRIPTION=Numpy array with shape: 2x2 CONTENT=[[0.559706   1.33895991] [0.53704237 0.65504008]] DIRECTION=OUT
TASK=55 HOST=gs27r3b50 METHOD=multiply PARAMETER=c COMPSSTYPE=11 BASICTYPE=float64,nd.array IS_ARRAY=True DESCRIPTION=Numpy array with shape: 2x2 CONTENT=[[0.85539871 0.40971989] [0.37084247 0.58028328]] DIRECTION=IN
TASK=19 HOST=gs27r3b50 METHOD=multiply PARAMETER=c COMPSSTYPE=11 BASICTYPE=float64,nd.array IS_ARRAY=True DESCRIPTION=Numpy array with shape: 2x2 CONTENT=[[0.60171438 1.19928737] [1.10281293 0.45420678]] DIRECTION=OUT
TASK=3 HOST=gs27r3b50 METHOD=multiply PARAMETER=b COMPSSTYPE=11 BASICTYPE=float64,nd.array IS_ARRAY=True DESCRIPTION=Numpy array with shape: 2x2 CONTENT=[[0.80863034 0.08603695] [0.06846751 0.15468221]] DIRECTION=OUT
TASK=59 HOST=gs27r3b50 METHOD=multiply PARAMETER=c COMPSSTYPE=11 BASICTYPE=float64,nd.array IS_ARRAY=True DESCRIPTION=Numpy array with shape: 2x2 CONTENT=[[0.62244982 0.86478684] [0.68192445 0.50906131]] DIRECTION=OUT
TASK=51 HOST=gs27r3b50 METHOD=multiply PARAMETER=c COMPSSTYPE=11 BASICTYPE=float64,nd.array IS_ARRAY=True DESCRIPTION=Numpy array with shape: 2x2 CONTENT=[[0.54908043 0.52407365] [1.03150415 0.69687694]] DIRECTION=IN
TASK=47 HOST=gs27r3b50 METHOD=multiply PARAMETER=b COMPSSTYPE=11 BASICTYPE=float64,nd.array IS_ARRAY=True DESCRIPTION=Numpy array with shape: 2x2 CONTENT=[[0.50815153 0.62803973] [0.17138707 0.25761557]] DIRECTION=OUT
TASK=63 HOST=gs27r3b50 METHOD=multiply PARAMETER=b COMPSSTYPE=11 BASICTYPE=float64,nd.array IS_ARRAY=True DESCRIPTION=Numpy array with shape: 2x2 CONTENT=[[0.50815153 0.62803973] [0.17138707 0.25761557]] DIRECTION=OUT
TASK=35 HOST=gs27r3b50 METHOD=multiply PARAMETER=c COMPSSTYPE=11 BASICTYPE=float64,nd.array IS_ARRAY=True DESCRIPTION=Numpy array with shape: 2x2 CONTENT=[[0.67471657 0.86844193] [0.4632569  0.86982146]] DIRECTION=OUT
TASK=7 HOST=gs27r3b50 METHOD=multiply PARAMETER=a COMPSSTYPE=11 BASICTYPE=float64,nd.array IS_ARRAY=True DESCRIPTION=Numpy array with shape: 2x2 CONTENT=[[0.01233269 0.52392913] [0.05470759 0.91816934]] DIRECTION=OUT
TASK=3 HOST=gs27r3b50 METHOD=multiply PARAMETER=c COMPSSTYPE=11 BASICTYPE=float64,nd.array IS_ARRAY=True DESCRIPTION=Numpy array with shape: 2x2 CONTENT=[[0.31387765 0.47510686] [1.45282818 0.91757114]] DIRECTION=OUT
TASK=63 HOST=gs27r3b50 METHOD=multiply PARAMETER=c COMPSSTYPE=11 BASICTYPE=float64,nd.array IS_ARRAY=True DESCRIPTION=Numpy array with shape: 2x2 CONTENT=[[0.80955473 0.53878676] [0.30270146 0.64600629]] DIRECTION=OUT
TASK=7 HOST=gs27r3b50 METHOD=multiply PARAMETER=b COMPSSTYPE=11 BASICTYPE=float64,nd.array IS_ARRAY=True DESCRIPTION=Numpy array with shape: 2x2 CONTENT=[[0.72215664 0.53978467] [0.58441177 0.75402048]] DIRECTION=OUT
TASK=47 HOST=gs27r3b50 METHOD=multiply PARAMETER=c COMPSSTYPE=11 BASICTYPE=float64,nd.array IS_ARRAY=True DESCRIPTION=Numpy array with shape: 2x2 CONTENT=[[0.71594046 0.44524331] [0.21768618 0.64688552]] DIRECTION=OUT
TASK=7 HOST=gs27r3b50 METHOD=multiply PARAMETER=c COMPSSTYPE=11 BASICTYPE=float64,nd.array IS_ARRAY=True DESCRIPTION=Numpy array with shape: 2x2 CONTENT=[[0.45440505 0.79588419] [0.58090242 0.9936339 ]] DIRECTION=OUT
TASK=55 HOST=gs27r3b50 METHOD=multiply PARAMETER=a COMPSSTYPE=11 BASICTYPE=float64,nd.array IS_ARRAY=True DESCRIPTION=Numpy array with shape: 2x2 CONTENT=[[0.04134207 0.62066826] [0.59014982 0.37465977]] DIRECTION=OUT
TASK=51 HOST=gs27r3b50 METHOD=multiply PARAMETER=a COMPSSTYPE=11 BASICTYPE=float64,nd.array IS_ARRAY=True DESCRIPTION=Numpy array with shape: 2x2 CONTENT=[[0.04134207 0.62066826] [0.59014982 0.37465977]] DIRECTION=OUT
TASK=55 HOST=gs27r3b50 METHOD=multiply PARAMETER=b COMPSSTYPE=11 BASICTYPE=float64,nd.array IS_ARRAY=True DESCRIPTION=Numpy array with shape: 2x2 CONTENT=[[0.72215664 0.53978467] [0.58441177 0.75402048]] DIRECTION=OUT
TASK=51 HOST=gs27r3b50 METHOD=multiply PARAMETER=b COMPSSTYPE=11 BASICTYPE=float64,nd.array IS_ARRAY=True DESCRIPTION=Numpy array with shape: 2x2 CONTENT=[[0.80863034 0.08603695] [0.06846751 0.15468221]] DIRECTION=OUT
TASK=55 HOST=gs27r3b50 METHOD=multiply PARAMETER=c COMPSSTYPE=11 BASICTYPE=float64,nd.array IS_ARRAY=True DESCRIPTION=Numpy array with shape: 2x2 CONTENT=[[0.88525417 0.7447471 ] [0.71573297 0.86278441]] DIRECTION=OUT
TASK=51 HOST=gs27r3b50 METHOD=multiply PARAMETER=c COMPSSTYPE=11 BASICTYPE=float64,nd.array IS_ARRAY=True DESCRIPTION=Numpy array with shape: 2x2 CONTENT=[[0.58251088 0.57747406] [1.07191024 0.75483014]] DIRECTION=OUT
