TASK=10 HOST=gs27r3b23 METHOD=multiply PARAMETER=a COMPSSTYPE=11 BASICTYPE=float64,nd.array IS_ARRAY=True DESCRIPTION=Numpy array with shape: 2x2 CONTENT=[[0.428677   0.55155206] [0.82659786 0.2937155 ]] DIRECTION=IN
TASK=10 HOST=gs27r3b23 METHOD=multiply PARAMETER=b COMPSSTYPE=11 BASICTYPE=float64,nd.array IS_ARRAY=True DESCRIPTION=Numpy array with shape: 2x2 CONTENT=[[0.47599382 0.45862884] [0.95751562 0.60699227]] DIRECTION=IN
TASK=10 HOST=gs27r3b23 METHOD=multiply PARAMETER=c COMPSSTYPE=11 BASICTYPE=float64,nd.array IS_ARRAY=True DESCRIPTION=Numpy array with shape: 2x2 CONTENT=[[0.11771988 0.18597571] [0.08850974 0.04355498]] DIRECTION=IN
TASK=10 HOST=gs27r3b23 METHOD=multiply PARAMETER=a COMPSSTYPE=11 BASICTYPE=float64,nd.array IS_ARRAY=True DESCRIPTION=Numpy array with shape: 2x2 CONTENT=[[0.428677   0.55155206] [0.82659786 0.2937155 ]] DIRECTION=OUT
TASK=10 HOST=gs27r3b23 METHOD=multiply PARAMETER=b COMPSSTYPE=11 BASICTYPE=float64,nd.array IS_ARRAY=True DESCRIPTION=Numpy array with shape: 2x2 CONTENT=[[0.47599382 0.45862884] [0.95751562 0.60699227]] DIRECTION=OUT
TASK=10 HOST=gs27r3b23 METHOD=multiply PARAMETER=c COMPSSTYPE=11 BASICTYPE=float64,nd.array IS_ARRAY=True DESCRIPTION=Numpy array with shape: 2x2 CONTENT=[[0.32176748 0.43893339] [0.8799901  0.22183802]] DIRECTION=OUT
TASK=26 HOST=gs27r3b23 METHOD=multiply PARAMETER=a COMPSSTYPE=11 BASICTYPE=float64,nd.array IS_ARRAY=True DESCRIPTION=Numpy array with shape: 2x2 CONTENT=[[0.34765054 0.80608303] [0.52124858 0.13402453]] DIRECTION=IN
TASK=26 HOST=gs27r3b23 METHOD=multiply PARAMETER=b COMPSSTYPE=11 BASICTYPE=float64,nd.array IS_ARRAY=True DESCRIPTION=Numpy array with shape: 2x2 CONTENT=[[0.47599382 0.45862884] [0.95751562 0.60699227]] DIRECTION=IN
TASK=26 HOST=gs27r3b23 METHOD=multiply PARAMETER=c COMPSSTYPE=11 BASICTYPE=float64,nd.array IS_ARRAY=True DESCRIPTION=Numpy array with shape: 2x2 CONTENT=[[0.22493865 0.84834917] [0.07370636 0.01937642]] DIRECTION=IN
TASK=26 HOST=gs27r3b23 METHOD=multiply PARAMETER=a COMPSSTYPE=11 BASICTYPE=float64,nd.array IS_ARRAY=True DESCRIPTION=Numpy array with shape: 2x2 CONTENT=[[0.34765054 0.80608303] [0.52124858 0.13402453]] DIRECTION=OUT
TASK=26 HOST=gs27r3b23 METHOD=multiply PARAMETER=b COMPSSTYPE=11 BASICTYPE=float64,nd.array IS_ARRAY=True DESCRIPTION=Numpy array with shape: 2x2 CONTENT=[[0.47599382 0.45862884] [0.95751562 0.60699227]] DIRECTION=OUT
TASK=26 HOST=gs27r3b23 METHOD=multiply PARAMETER=c COMPSSTYPE=11 BASICTYPE=float64,nd.array IS_ARRAY=True DESCRIPTION=Numpy array with shape: 2x2 CONTENT=[[0.39041816 1.21804209] [0.57281002 0.10072828]] DIRECTION=OUT
TASK=34 HOST=gs27r3b23 METHOD=multiply PARAMETER=a COMPSSTYPE=11 BASICTYPE=float64,nd.array IS_ARRAY=True DESCRIPTION=Numpy array with shape: 2x2 CONTENT=[[0.87900731 0.53379096] [0.0881229  0.32818983]] DIRECTION=IN
TASK=34 HOST=gs27r3b23 METHOD=multiply PARAMETER=b COMPSSTYPE=11 BASICTYPE=float64,nd.array IS_ARRAY=True DESCRIPTION=Numpy array with shape: 2x2 CONTENT=[[0.06308402 0.47640081] [0.71260512 0.84939959]] DIRECTION=IN
TASK=34 HOST=gs27r3b23 METHOD=multiply PARAMETER=c COMPSSTYPE=11 BASICTYPE=float64,nd.array IS_ARRAY=True DESCRIPTION=Numpy array with shape: 2x2 CONTENT=[[0.13032891 0.58806428] [0.35347684 0.56910439]] DIRECTION=IN
TASK=34 HOST=gs27r3b23 METHOD=multiply PARAMETER=a COMPSSTYPE=11 BASICTYPE=float64,nd.array IS_ARRAY=True DESCRIPTION=Numpy array with shape: 2x2 CONTENT=[[0.87900731 0.53379096] [0.0881229  0.32818983]] DIRECTION=OUT
TASK=34 HOST=gs27r3b23 METHOD=multiply PARAMETER=b COMPSSTYPE=11 BASICTYPE=float64,nd.array IS_ARRAY=True DESCRIPTION=Numpy array with shape: 2x2 CONTENT=[[0.06308402 0.47640081] [0.71260512 0.84939959]] DIRECTION=OUT
TASK=34 HOST=gs27r3b23 METHOD=multiply PARAMETER=c COMPSSTYPE=11 BASICTYPE=float64,nd.array IS_ARRAY=True DESCRIPTION=Numpy array with shape: 2x2 CONTENT=[[0.18578022 0.84236272] [0.41627368 0.8478687 ]] DIRECTION=OUT
TASK=50 HOST=gs27r3b23 METHOD=multiply PARAMETER=a COMPSSTYPE=11 BASICTYPE=float64,nd.array IS_ARRAY=True DESCRIPTION=Numpy array with shape: 2x2 CONTENT=[[0.8484603  0.27101996] [0.14332813 0.72123303]] DIRECTION=IN
TASK=50 HOST=gs27r3b23 METHOD=multiply PARAMETER=b COMPSSTYPE=11 BASICTYPE=float64,nd.array IS_ARRAY=True DESCRIPTION=Numpy array with shape: 2x2 CONTENT=[[0.06308402 0.47640081] [0.71260512 0.84939959]] DIRECTION=IN
TASK=50 HOST=gs27r3b23 METHOD=multiply PARAMETER=c COMPSSTYPE=11 BASICTYPE=float64,nd.array IS_ARRAY=True DESCRIPTION=Numpy array with shape: 2x2 CONTENT=[[0.49555614 0.39495953] [0.92936778 0.0842619 ]] DIRECTION=IN
TASK=50 HOST=gs27r3b23 METHOD=multiply PARAMETER=a COMPSSTYPE=11 BASICTYPE=float64,nd.array IS_ARRAY=True DESCRIPTION=Numpy array with shape: 2x2 CONTENT=[[0.8484603  0.27101996] [0.14332813 0.72123303]] DIRECTION=OUT
TASK=50 HOST=gs27r3b23 METHOD=multiply PARAMETER=b COMPSSTYPE=11 BASICTYPE=float64,nd.array IS_ARRAY=True DESCRIPTION=Numpy array with shape: 2x2 CONTENT=[[0.06308402 0.47640081] [0.71260512 0.84939959]] DIRECTION=OUT
TASK=22 HOST=gs27r3b23 METHOD=multiply PARAMETER=a COMPSSTYPE=11 BASICTYPE=float64,nd.array IS_ARRAY=True DESCRIPTION=Numpy array with shape: 2x2 CONTENT=[[0.34765054 0.80608303] [0.52124858 0.13402453]] DIRECTION=IN
TASK=22 HOST=gs27r3b23 METHOD=multiply PARAMETER=b COMPSSTYPE=11 BASICTYPE=float64,nd.array IS_ARRAY=True DESCRIPTION=Numpy array with shape: 2x2 CONTENT=[[0.71453949 0.77741769] [0.29648645 0.78912829]] DIRECTION=IN
TASK=22 HOST=gs27r3b23 METHOD=multiply PARAMETER=c COMPSSTYPE=11 BASICTYPE=float64,nd.array IS_ARRAY=True DESCRIPTION=Numpy array with shape: 2x2 CONTENT=[[0.26596801 0.38449356] [0.25303535 0.03093476]] DIRECTION=IN
TASK=22 HOST=gs27r3b23 METHOD=multiply PARAMETER=a COMPSSTYPE=11 BASICTYPE=float64,nd.array IS_ARRAY=True DESCRIPTION=Numpy array with shape: 2x2 CONTENT=[[0.34765054 0.80608303] [0.52124858 0.13402453]] DIRECTION=OUT
TASK=22 HOST=gs27r3b23 METHOD=multiply PARAMETER=b COMPSSTYPE=11 BASICTYPE=float64,nd.array IS_ARRAY=True DESCRIPTION=Numpy array with shape: 2x2 CONTENT=[[0.71453949 0.77741769] [0.29648645 0.78912829]] DIRECTION=OUT
TASK=22 HOST=gs27r3b23 METHOD=multiply PARAMETER=c COMPSSTYPE=11 BASICTYPE=float64,nd.array IS_ARRAY=True DESCRIPTION=Numpy array with shape: 2x2 CONTENT=[[0.51437805 1.01115676] [0.40757848 0.1366973 ]] DIRECTION=OUT
TASK=38 HOST=gs27r3b23 METHOD=multiply PARAMETER=a COMPSSTYPE=11 BASICTYPE=float64,nd.array IS_ARRAY=True DESCRIPTION=Numpy array with shape: 2x2 CONTENT=[[0.87900731 0.53379096] [0.0881229  0.32818983]] DIRECTION=IN
TASK=38 HOST=gs27r3b23 METHOD=multiply PARAMETER=b COMPSSTYPE=11 BASICTYPE=float64,nd.array IS_ARRAY=True DESCRIPTION=Numpy array with shape: 2x2 CONTENT=[[0.71453949 0.77741769] [0.29648645 0.78912829]] DIRECTION=IN
TASK=38 HOST=gs27r3b23 METHOD=multiply PARAMETER=c COMPSSTYPE=11 BASICTYPE=float64,nd.array IS_ARRAY=True DESCRIPTION=Numpy array with shape: 2x2 CONTENT=[[0.06552272 0.29633166] [0.12488412 0.07522524]] DIRECTION=IN
TASK=50 HOST=gs27r3b23 METHOD=multiply PARAMETER=c COMPSSTYPE=11 BASICTYPE=float64,nd.array IS_ARRAY=True DESCRIPTION=Numpy array with shape: 2x2 CONTENT=[[0.54908043 0.52407365] [1.03150415 0.69687694]] DIRECTION=OUT
TASK=18 HOST=gs27r3b23 METHOD=multiply PARAMETER=a COMPSSTYPE=11 BASICTYPE=float64,nd.array IS_ARRAY=True DESCRIPTION=Numpy array with shape: 2x2 CONTENT=[[0.34765054 0.80608303] [0.52124858 0.13402453]] DIRECTION=IN
TASK=38 HOST=gs27r3b23 METHOD=multiply PARAMETER=a COMPSSTYPE=11 BASICTYPE=float64,nd.array IS_ARRAY=True DESCRIPTION=Numpy array with shape: 2x2 CONTENT=[[0.87900731 0.53379096] [0.0881229  0.32818983]] DIRECTION=OUT
TASK=54 HOST=gs27r3b23 METHOD=multiply PARAMETER=a COMPSSTYPE=11 BASICTYPE=float64,nd.array IS_ARRAY=True DESCRIPTION=Numpy array with shape: 2x2 CONTENT=[[0.8484603  0.27101996] [0.14332813 0.72123303]] DIRECTION=IN
TASK=38 HOST=gs27r3b23 METHOD=multiply PARAMETER=b COMPSSTYPE=11 BASICTYPE=float64,nd.array IS_ARRAY=True DESCRIPTION=Numpy array with shape: 2x2 CONTENT=[[0.71453949 0.77741769] [0.29648645 0.78912829]] DIRECTION=OUT
TASK=18 HOST=gs27r3b23 METHOD=multiply PARAMETER=b COMPSSTYPE=11 BASICTYPE=float64,nd.array IS_ARRAY=True DESCRIPTION=Numpy array with shape: 2x2 CONTENT=[[0.06308402 0.47640081] [0.71260512 0.84939959]] DIRECTION=IN
TASK=30 HOST=gs27r3b23 METHOD=multiply PARAMETER=a COMPSSTYPE=11 BASICTYPE=float64,nd.array IS_ARRAY=True DESCRIPTION=Numpy array with shape: 2x2 CONTENT=[[0.34765054 0.80608303] [0.52124858 0.13402453]] DIRECTION=IN
TASK=42 HOST=gs27r3b23 METHOD=multiply PARAMETER=a COMPSSTYPE=11 BASICTYPE=float64,nd.array IS_ARRAY=True DESCRIPTION=Numpy array with shape: 2x2 CONTENT=[[0.87900731 0.53379096] [0.0881229  0.32818983]] DIRECTION=IN
TASK=18 HOST=gs27r3b23 METHOD=multiply PARAMETER=c COMPSSTYPE=11 BASICTYPE=float64,nd.array IS_ARRAY=True DESCRIPTION=Numpy array with shape: 2x2 CONTENT=[[0.5290275  0.76301981] [0.71620101 0.23403188]] DIRECTION=IN
TASK=42 HOST=gs27r3b23 METHOD=multiply PARAMETER=b COMPSSTYPE=11 BASICTYPE=float64,nd.array IS_ARRAY=True DESCRIPTION=Numpy array with shape: 2x2 CONTENT=[[0.47599382 0.45862884] [0.95751562 0.60699227]] DIRECTION=IN
TASK=38 HOST=gs27r3b23 METHOD=multiply PARAMETER=c COMPSSTYPE=11 BASICTYPE=float64,nd.array IS_ARRAY=True DESCRIPTION=Numpy array with shape: 2x2 CONTENT=[[0.69360815 0.71131019] [0.15101137 0.33420912]] DIRECTION=OUT
TASK=6 HOST=gs27r3b23 METHOD=multiply PARAMETER=a COMPSSTYPE=11 BASICTYPE=float64,nd.array IS_ARRAY=True DESCRIPTION=Numpy array with shape: 2x2 CONTENT=[[0.428677   0.55155206] [0.82659786 0.2937155 ]] DIRECTION=IN
TASK=62 HOST=gs27r3b23 METHOD=multiply PARAMETER=a COMPSSTYPE=11 BASICTYPE=float64,nd.array IS_ARRAY=True DESCRIPTION=Numpy array with shape: 2x2 CONTENT=[[0.8484603  0.27101996] [0.14332813 0.72123303]] DIRECTION=IN
TASK=42 HOST=gs27r3b23 METHOD=multiply PARAMETER=c COMPSSTYPE=11 BASICTYPE=float64,nd.array IS_ARRAY=True DESCRIPTION=Numpy array with shape: 2x2 CONTENT=[[0.05541491 0.65382816] [0.03637735 0.0471184 ]] DIRECTION=IN
TASK=58 HOST=gs27r3b23 METHOD=multiply PARAMETER=a COMPSSTYPE=11 BASICTYPE=float64,nd.array IS_ARRAY=True DESCRIPTION=Numpy array with shape: 2x2 CONTENT=[[0.8484603  0.27101996] [0.14332813 0.72123303]] DIRECTION=IN
TASK=54 HOST=gs27r3b23 METHOD=multiply PARAMETER=b COMPSSTYPE=11 BASICTYPE=float64,nd.array IS_ARRAY=True DESCRIPTION=Numpy array with shape: 2x2 CONTENT=[[0.71453949 0.77741769] [0.29648645 0.78912829]] DIRECTION=IN
TASK=6 HOST=gs27r3b23 METHOD=multiply PARAMETER=b COMPSSTYPE=11 BASICTYPE=float64,nd.array IS_ARRAY=True DESCRIPTION=Numpy array with shape: 2x2 CONTENT=[[0.71453949 0.77741769] [0.29648645 0.78912829]] DIRECTION=IN
TASK=62 HOST=gs27r3b23 METHOD=multiply PARAMETER=b COMPSSTYPE=11 BASICTYPE=float64,nd.array IS_ARRAY=True DESCRIPTION=Numpy array with shape: 2x2 CONTENT=[[0.30692821 0.25372365] [0.69676394 0.68256784]] DIRECTION=IN
TASK=30 HOST=gs27r3b23 METHOD=multiply PARAMETER=b COMPSSTYPE=11 BASICTYPE=float64,nd.array IS_ARRAY=True DESCRIPTION=Numpy array with shape: 2x2 CONTENT=[[0.30692821 0.25372365] [0.69676394 0.68256784]] DIRECTION=IN
TASK=2 HOST=gs27r3b23 METHOD=multiply PARAMETER=a COMPSSTYPE=11 BASICTYPE=float64,nd.array IS_ARRAY=True DESCRIPTION=Numpy array with shape: 2x2 CONTENT=[[0.428677   0.55155206] [0.82659786 0.2937155 ]] DIRECTION=IN
TASK=14 HOST=gs27r3b23 METHOD=multiply PARAMETER=a COMPSSTYPE=11 BASICTYPE=float64,nd.array IS_ARRAY=True DESCRIPTION=Numpy array with shape: 2x2 CONTENT=[[0.428677   0.55155206] [0.82659786 0.2937155 ]] DIRECTION=IN
TASK=18 HOST=gs27r3b23 METHOD=multiply PARAMETER=a COMPSSTYPE=11 BASICTYPE=float64,nd.array IS_ARRAY=True DESCRIPTION=Numpy array with shape: 2x2 CONTENT=[[0.34765054 0.80608303] [0.52124858 0.13402453]] DIRECTION=OUT
TASK=54 HOST=gs27r3b23 METHOD=multiply PARAMETER=c COMPSSTYPE=11 BASICTYPE=float64,nd.array IS_ARRAY=True DESCRIPTION=Numpy array with shape: 2x2 CONTENT=[[0.24914032 0.19902418] [0.32834762 0.01113789]] DIRECTION=IN
TASK=46 HOST=gs27r3b23 METHOD=multiply PARAMETER=a COMPSSTYPE=11 BASICTYPE=float64,nd.array IS_ARRAY=True DESCRIPTION=Numpy array with shape: 2x2 CONTENT=[[0.87900731 0.53379096] [0.0881229  0.32818983]] DIRECTION=IN
TASK=6 HOST=gs27r3b23 METHOD=multiply PARAMETER=c COMPSSTYPE=11 BASICTYPE=float64,nd.array IS_ARRAY=True DESCRIPTION=Numpy array with shape: 2x2 CONTENT=[[0.13919227 0.08428895] [0.3038556  0.0695362 ]] DIRECTION=IN
TASK=62 HOST=gs27r3b23 METHOD=multiply PARAMETER=c COMPSSTYPE=11 BASICTYPE=float64,nd.array IS_ARRAY=True DESCRIPTION=Numpy array with shape: 2x2 CONTENT=[[0.52813029 0.08021826] [0.10169153 0.05719763]] DIRECTION=IN
TASK=58 HOST=gs27r3b23 METHOD=multiply PARAMETER=b COMPSSTYPE=11 BASICTYPE=float64,nd.array IS_ARRAY=True DESCRIPTION=Numpy array with shape: 2x2 CONTENT=[[0.47599382 0.45862884] [0.95751562 0.60699227]] DIRECTION=IN
TASK=30 HOST=gs27r3b23 METHOD=multiply PARAMETER=c COMPSSTYPE=11 BASICTYPE=float64,nd.array IS_ARRAY=True DESCRIPTION=Numpy array with shape: 2x2 CONTENT=[[0.5638018  0.15497314] [0.0783668  0.15886265]] DIRECTION=IN
TASK=18 HOST=gs27r3b23 METHOD=multiply PARAMETER=b COMPSSTYPE=11 BASICTYPE=float64,nd.array IS_ARRAY=True DESCRIPTION=Numpy array with shape: 2x2 CONTENT=[[0.06308402 0.47640081] [0.71260512 0.84939959]] DIRECTION=OUT
TASK=2 HOST=gs27r3b23 METHOD=multiply PARAMETER=b COMPSSTYPE=11 BASICTYPE=float64,nd.array IS_ARRAY=True DESCRIPTION=Numpy array with shape: 2x2 CONTENT=[[0.06308402 0.47640081] [0.71260512 0.84939959]] DIRECTION=IN
TASK=58 HOST=gs27r3b23 METHOD=multiply PARAMETER=c COMPSSTYPE=11 BASICTYPE=float64,nd.array IS_ARRAY=True DESCRIPTION=Numpy array with shape: 2x2 CONTENT=[[0.21070688 0.43912829] [0.09564399 0.00697637]] DIRECTION=IN
TASK=14 HOST=gs27r3b23 METHOD=multiply PARAMETER=b COMPSSTYPE=11 BASICTYPE=float64,nd.array IS_ARRAY=True DESCRIPTION=Numpy array with shape: 2x2 CONTENT=[[0.30692821 0.25372365] [0.69676394 0.68256784]] DIRECTION=IN
TASK=46 HOST=gs27r3b23 METHOD=multiply PARAMETER=b COMPSSTYPE=11 BASICTYPE=float64,nd.array IS_ARRAY=True DESCRIPTION=Numpy array with shape: 2x2 CONTENT=[[0.30692821 0.25372365] [0.69676394 0.68256784]] DIRECTION=IN
TASK=42 HOST=gs27r3b23 METHOD=multiply PARAMETER=a COMPSSTYPE=11 BASICTYPE=float64,nd.array IS_ARRAY=True DESCRIPTION=Numpy array with shape: 2x2 CONTENT=[[0.87900731 0.53379096] [0.0881229  0.32818983]] DIRECTION=OUT
TASK=18 HOST=gs27r3b23 METHOD=multiply PARAMETER=c COMPSSTYPE=11 BASICTYPE=float64,nd.array IS_ARRAY=True DESCRIPTION=Numpy array with shape: 2x2 CONTENT=[[0.55095869 1.14703842] [1.08764542 0.34787226]] DIRECTION=OUT
TASK=2 HOST=gs27r3b23 METHOD=multiply PARAMETER=c COMPSSTYPE=11 BASICTYPE=float64,nd.array IS_ARRAY=True DESCRIPTION=Numpy array with shape: 2x2 CONTENT=[[0.27686239 0.16726974] [0.86004462 0.52606486]] DIRECTION=IN
TASK=14 HOST=gs27r3b23 METHOD=multiply PARAMETER=c COMPSSTYPE=11 BASICTYPE=float64,nd.array IS_ARRAY=True DESCRIPTION=Numpy array with shape: 2x2 CONTENT=[[0.29506125 0.03397332] [0.09410618 0.3570969 ]] DIRECTION=IN
TASK=42 HOST=gs27r3b23 METHOD=multiply PARAMETER=b COMPSSTYPE=11 BASICTYPE=float64,nd.array IS_ARRAY=True DESCRIPTION=Numpy array with shape: 2x2 CONTENT=[[0.47599382 0.45862884] [0.95751562 0.60699227]] DIRECTION=OUT
TASK=46 HOST=gs27r3b23 METHOD=multiply PARAMETER=c COMPSSTYPE=11 BASICTYPE=float64,nd.array IS_ARRAY=True DESCRIPTION=Numpy array with shape: 2x2 CONTENT=[[0.13889575 0.1194388 ] [0.03867748 0.38631246]] DIRECTION=IN
TASK=54 HOST=gs27r3b23 METHOD=multiply PARAMETER=a COMPSSTYPE=11 BASICTYPE=float64,nd.array IS_ARRAY=True DESCRIPTION=Numpy array with shape: 2x2 CONTENT=[[0.8484603  0.27101996] [0.14332813 0.72123303]] DIRECTION=OUT
TASK=6 HOST=gs27r3b23 METHOD=multiply PARAMETER=a COMPSSTYPE=11 BASICTYPE=float64,nd.array IS_ARRAY=True DESCRIPTION=Numpy array with shape: 2x2 CONTENT=[[0.428677   0.55155206] [0.82659786 0.2937155 ]] DIRECTION=OUT
TASK=42 HOST=gs27r3b23 METHOD=multiply PARAMETER=c COMPSSTYPE=11 BASICTYPE=float64,nd.array IS_ARRAY=True DESCRIPTION=Numpy array with shape: 2x2 CONTENT=[[0.47381695 0.89864009] [0.1207564  0.24632709]] DIRECTION=OUT
TASK=30 HOST=gs27r3b23 METHOD=multiply PARAMETER=a COMPSSTYPE=11 BASICTYPE=float64,nd.array IS_ARRAY=True DESCRIPTION=Numpy array with shape: 2x2 CONTENT=[[0.34765054 0.80608303] [0.52124858 0.13402453]] DIRECTION=OUT
TASK=62 HOST=gs27r3b23 METHOD=multiply PARAMETER=a COMPSSTYPE=11 BASICTYPE=float64,nd.array IS_ARRAY=True DESCRIPTION=Numpy array with shape: 2x2 CONTENT=[[0.8484603  0.27101996] [0.14332813 0.72123303]] DIRECTION=OUT
TASK=54 HOST=gs27r3b23 METHOD=multiply PARAMETER=b COMPSSTYPE=11 BASICTYPE=float64,nd.array IS_ARRAY=True DESCRIPTION=Numpy array with shape: 2x2 CONTENT=[[0.71453949 0.77741769] [0.29648645 0.78912829]] DIRECTION=OUT
TASK=58 HOST=gs27r3b23 METHOD=multiply PARAMETER=a COMPSSTYPE=11 BASICTYPE=float64,nd.array IS_ARRAY=True DESCRIPTION=Numpy array with shape: 2x2 CONTENT=[[0.8484603  0.27101996] [0.14332813 0.72123303]] DIRECTION=OUT
TASK=6 HOST=gs27r3b23 METHOD=multiply PARAMETER=b COMPSSTYPE=11 BASICTYPE=float64,nd.array IS_ARRAY=True DESCRIPTION=Numpy array with shape: 2x2 CONTENT=[[0.71453949 0.77741769] [0.29648645 0.78912829]] DIRECTION=OUT
TASK=30 HOST=gs27r3b23 METHOD=multiply PARAMETER=b COMPSSTYPE=11 BASICTYPE=float64,nd.array IS_ARRAY=True DESCRIPTION=Numpy array with shape: 2x2 CONTENT=[[0.30692821 0.25372365] [0.69676394 0.68256784]] DIRECTION=OUT
TASK=62 HOST=gs27r3b23 METHOD=multiply PARAMETER=b COMPSSTYPE=11 BASICTYPE=float64,nd.array IS_ARRAY=True DESCRIPTION=Numpy array with shape: 2x2 CONTENT=[[0.30692821 0.25372365] [0.69676394 0.68256784]] DIRECTION=OUT
TASK=54 HOST=gs27r3b23 METHOD=multiply PARAMETER=c COMPSSTYPE=11 BASICTYPE=float64,nd.array IS_ARRAY=True DESCRIPTION=Numpy array with shape: 2x2 CONTENT=[[0.85539871 0.40971989] [0.37084247 0.58028328]] DIRECTION=OUT
TASK=6 HOST=gs27r3b23 METHOD=multiply PARAMETER=c COMPSSTYPE=11 BASICTYPE=float64,nd.array IS_ARRAY=True DESCRIPTION=Numpy array with shape: 2x2 CONTENT=[[0.44549892 0.51307528] [0.54893066 0.30131541]] DIRECTION=OUT
TASK=2 HOST=gs27r3b23 METHOD=multiply PARAMETER=a COMPSSTYPE=11 BASICTYPE=float64,nd.array IS_ARRAY=True DESCRIPTION=Numpy array with shape: 2x2 CONTENT=[[0.428677   0.55155206] [0.82659786 0.2937155 ]] DIRECTION=OUT
TASK=14 HOST=gs27r3b23 METHOD=multiply PARAMETER=a COMPSSTYPE=11 BASICTYPE=float64,nd.array IS_ARRAY=True DESCRIPTION=Numpy array with shape: 2x2 CONTENT=[[0.428677   0.55155206] [0.82659786 0.2937155 ]] DIRECTION=OUT
TASK=58 HOST=gs27r3b23 METHOD=multiply PARAMETER=b COMPSSTYPE=11 BASICTYPE=float64,nd.array IS_ARRAY=True DESCRIPTION=Numpy array with shape: 2x2 CONTENT=[[0.47599382 0.45862884] [0.95751562 0.60699227]] DIRECTION=OUT
TASK=62 HOST=gs27r3b23 METHOD=multiply PARAMETER=c COMPSSTYPE=11 BASICTYPE=float64,nd.array IS_ARRAY=True DESCRIPTION=Numpy array with shape: 2x2 CONTENT=[[0.78854669 0.14898243] [0.20155741 0.5494881 ]] DIRECTION=OUT
TASK=30 HOST=gs27r3b23 METHOD=multiply PARAMETER=c COMPSSTYPE=11 BASICTYPE=float64,nd.array IS_ARRAY=True DESCRIPTION=Numpy array with shape: 2x2 CONTENT=[[0.67050555 0.35949547] [0.44155401 0.25034348]] DIRECTION=OUT
TASK=46 HOST=gs27r3b23 METHOD=multiply PARAMETER=a COMPSSTYPE=11 BASICTYPE=float64,nd.array IS_ARRAY=True DESCRIPTION=Numpy array with shape: 2x2 CONTENT=[[0.87900731 0.53379096] [0.0881229  0.32818983]] DIRECTION=OUT
TASK=2 HOST=gs27r3b23 METHOD=multiply PARAMETER=b COMPSSTYPE=11 BASICTYPE=float64,nd.array IS_ARRAY=True DESCRIPTION=Numpy array with shape: 2x2 CONTENT=[[0.06308402 0.47640081] [0.71260512 0.84939959]] DIRECTION=OUT
TASK=14 HOST=gs27r3b23 METHOD=multiply PARAMETER=b COMPSSTYPE=11 BASICTYPE=float64,nd.array IS_ARRAY=True DESCRIPTION=Numpy array with shape: 2x2 CONTENT=[[0.30692821 0.25372365] [0.69676394 0.68256784]] DIRECTION=OUT
TASK=58 HOST=gs27r3b23 METHOD=multiply PARAMETER=c COMPSSTYPE=11 BASICTYPE=float64,nd.array IS_ARRAY=True DESCRIPTION=Numpy array with shape: 2x2 CONTENT=[[0.61456874 0.56342586] [0.23288291 0.44475925]] DIRECTION=OUT
TASK=46 HOST=gs27r3b23 METHOD=multiply PARAMETER=b COMPSSTYPE=11 BASICTYPE=float64,nd.array IS_ARRAY=True DESCRIPTION=Numpy array with shape: 2x2 CONTENT=[[0.30692821 0.25372365] [0.69676394 0.68256784]] DIRECTION=OUT
TASK=2 HOST=gs27r3b23 METHOD=multiply PARAMETER=c COMPSSTYPE=11 BASICTYPE=float64,nd.array IS_ARRAY=True DESCRIPTION=Numpy array with shape: 2x2 CONTENT=[[0.30390506 0.43002959] [1.44908249 0.77554668]] DIRECTION=OUT
TASK=14 HOST=gs27r3b23 METHOD=multiply PARAMETER=c COMPSSTYPE=11 BASICTYPE=float64,nd.array IS_ARRAY=True DESCRIPTION=Numpy array with shape: 2x2 CONTENT=[[0.42663432 0.17391512] [0.67004977 0.55757765]] DIRECTION=OUT
TASK=46 HOST=gs27r3b23 METHOD=multiply PARAMETER=c COMPSSTYPE=11 BASICTYPE=float64,nd.array IS_ARRAY=True DESCRIPTION=Numpy array with shape: 2x2 CONTENT=[[0.40868789 0.25487419] [0.10007834 0.61032428]] DIRECTION=OUT
