TASK=25 HOST=gs27r3b47 METHOD=multiply PARAMETER=a COMPSSTYPE=11 BASICTYPE=float64,nd.array IS_ARRAY=True DESCRIPTION=Numpy array with shape: 2x2 CONTENT=[[0.89706043 0.85108989] [0.72893634 0.34902443]] DIRECTION=IN
TASK=25 HOST=gs27r3b47 METHOD=multiply PARAMETER=b COMPSSTYPE=11 BASICTYPE=float64,nd.array IS_ARRAY=True DESCRIPTION=Numpy array with shape: 2x2 CONTENT=[[0.25075083 0.99677975] [0.10111495 0.05551595]] DIRECTION=IN
TASK=25 HOST=gs27r3b47 METHOD=multiply PARAMETER=c COMPSSTYPE=11 BASICTYPE=float64,nd.array IS_ARRAY=True DESCRIPTION=Numpy array with shape: 2x2 CONTENT=[[0. 0.] [0. 0.]] DIRECTION=IN
TASK=25 HOST=gs27r3b47 METHOD=multiply PARAMETER=a COMPSSTYPE=11 BASICTYPE=float64,nd.array IS_ARRAY=True DESCRIPTION=Numpy array with shape: 2x2 CONTENT=[[0.89706043 0.85108989] [0.72893634 0.34902443]] DIRECTION=OUT
TASK=25 HOST=gs27r3b47 METHOD=multiply PARAMETER=b COMPSSTYPE=11 BASICTYPE=float64,nd.array IS_ARRAY=True DESCRIPTION=Numpy array with shape: 2x2 CONTENT=[[0.25075083 0.99677975] [0.10111495 0.05551595]] DIRECTION=OUT
TASK=25 HOST=gs27r3b47 METHOD=multiply PARAMETER=c COMPSSTYPE=11 BASICTYPE=float64,nd.array IS_ARRAY=True DESCRIPTION=Numpy array with shape: 2x2 CONTENT=[[0.22493865 0.84834917] [0.07370636 0.01937642]] DIRECTION=OUT
TASK=41 HOST=gs27r3b47 METHOD=multiply PARAMETER=a COMPSSTYPE=11 BASICTYPE=float64,nd.array IS_ARRAY=True DESCRIPTION=Numpy array with shape: 2x2 CONTENT=[[0.2209959  0.65594045] [0.35976229 0.84873621]] DIRECTION=IN
TASK=41 HOST=gs27r3b47 METHOD=multiply PARAMETER=b COMPSSTYPE=11 BASICTYPE=float64,nd.array IS_ARRAY=True DESCRIPTION=Numpy array with shape: 2x2 CONTENT=[[0.25075083 0.99677975] [0.10111495 0.05551595]] DIRECTION=IN
TASK=41 HOST=gs27r3b47 METHOD=multiply PARAMETER=c COMPSSTYPE=11 BASICTYPE=float64,nd.array IS_ARRAY=True DESCRIPTION=Numpy array with shape: 2x2 CONTENT=[[0. 0.] [0. 0.]] DIRECTION=IN
TASK=9 HOST=gs27r3b47 METHOD=multiply PARAMETER=a COMPSSTYPE=11 BASICTYPE=float64,nd.array IS_ARRAY=True DESCRIPTION=Numpy array with shape: 2x2 CONTENT=[[0.46946954 0.18657653] [0.87533775 0.78454902]] DIRECTION=IN
TASK=9 HOST=gs27r3b47 METHOD=multiply PARAMETER=b COMPSSTYPE=11 BASICTYPE=float64,nd.array IS_ARRAY=True DESCRIPTION=Numpy array with shape: 2x2 CONTENT=[[0.25075083 0.99677975] [0.10111495 0.05551595]] DIRECTION=IN
TASK=9 HOST=gs27r3b47 METHOD=multiply PARAMETER=c COMPSSTYPE=11 BASICTYPE=float64,nd.array IS_ARRAY=True DESCRIPTION=Numpy array with shape: 2x2 CONTENT=[[0. 0.] [0. 0.]] DIRECTION=IN
TASK=41 HOST=gs27r3b47 METHOD=multiply PARAMETER=a COMPSSTYPE=11 BASICTYPE=float64,nd.array IS_ARRAY=True DESCRIPTION=Numpy array with shape: 2x2 CONTENT=[[0.2209959  0.65594045] [0.35976229 0.84873621]] DIRECTION=OUT
TASK=41 HOST=gs27r3b47 METHOD=multiply PARAMETER=b COMPSSTYPE=11 BASICTYPE=float64,nd.array IS_ARRAY=True DESCRIPTION=Numpy array with shape: 2x2 CONTENT=[[0.25075083 0.99677975] [0.10111495 0.05551595]] DIRECTION=OUT
TASK=41 HOST=gs27r3b47 METHOD=multiply PARAMETER=c COMPSSTYPE=11 BASICTYPE=float64,nd.array IS_ARRAY=True DESCRIPTION=Numpy array with shape: 2x2 CONTENT=[[0.05541491 0.65382816] [0.03637735 0.0471184 ]] DIRECTION=OUT
TASK=9 HOST=gs27r3b47 METHOD=multiply PARAMETER=a COMPSSTYPE=11 BASICTYPE=float64,nd.array IS_ARRAY=True DESCRIPTION=Numpy array with shape: 2x2 CONTENT=[[0.46946954 0.18657653] [0.87533775 0.78454902]] DIRECTION=OUT
TASK=9 HOST=gs27r3b47 METHOD=multiply PARAMETER=b COMPSSTYPE=11 BASICTYPE=float64,nd.array IS_ARRAY=True DESCRIPTION=Numpy array with shape: 2x2 CONTENT=[[0.25075083 0.99677975] [0.10111495 0.05551595]] DIRECTION=OUT
TASK=9 HOST=gs27r3b47 METHOD=multiply PARAMETER=c COMPSSTYPE=11 BASICTYPE=float64,nd.array IS_ARRAY=True DESCRIPTION=Numpy array with shape: 2x2 CONTENT=[[0.11771988 0.18597571] [0.08850974 0.04355498]] DIRECTION=OUT
TASK=49 HOST=gs27r3b47 METHOD=multiply PARAMETER=a COMPSSTYPE=11 BASICTYPE=float64,nd.array IS_ARRAY=True DESCRIPTION=Numpy array with shape: 2x2 CONTENT=[[0.84030378 0.44054696] [0.9458936  0.12566433]] DIRECTION=IN
TASK=49 HOST=gs27r3b47 METHOD=multiply PARAMETER=b COMPSSTYPE=11 BASICTYPE=float64,nd.array IS_ARRAY=True DESCRIPTION=Numpy array with shape: 2x2 CONTENT=[[0.58973451 0.89652083] [0.98252889 0.67053153]] DIRECTION=IN
TASK=49 HOST=gs27r3b47 METHOD=multiply PARAMETER=c COMPSSTYPE=11 BASICTYPE=float64,nd.array IS_ARRAY=True DESCRIPTION=Numpy array with shape: 2x2 CONTENT=[[0. 0.] [0. 0.]] DIRECTION=IN
TASK=49 HOST=gs27r3b47 METHOD=multiply PARAMETER=a COMPSSTYPE=11 BASICTYPE=float64,nd.array IS_ARRAY=True DESCRIPTION=Numpy array with shape: 2x2 CONTENT=[[0.84030378 0.44054696] [0.9458936  0.12566433]] DIRECTION=OUT
TASK=21 HOST=gs27r3b47 METHOD=multiply PARAMETER=a COMPSSTYPE=11 BASICTYPE=float64,nd.array IS_ARRAY=True DESCRIPTION=Numpy array with shape: 2x2 CONTENT=[[0.89706043 0.85108989] [0.72893634 0.34902443]] DIRECTION=IN
TASK=53 HOST=gs27r3b47 METHOD=multiply PARAMETER=a COMPSSTYPE=11 BASICTYPE=float64,nd.array IS_ARRAY=True DESCRIPTION=Numpy array with shape: 2x2 CONTENT=[[0.84030378 0.44054696] [0.9458936  0.12566433]] DIRECTION=IN
TASK=49 HOST=gs27r3b47 METHOD=multiply PARAMETER=b COMPSSTYPE=11 BASICTYPE=float64,nd.array IS_ARRAY=True DESCRIPTION=Numpy array with shape: 2x2 CONTENT=[[0.58973451 0.89652083] [0.98252889 0.67053153]] DIRECTION=OUT
TASK=49 HOST=gs27r3b47 METHOD=multiply PARAMETER=c COMPSSTYPE=11 BASICTYPE=float64,nd.array IS_ARRAY=True DESCRIPTION=Numpy array with shape: 2x2 CONTENT=[[0.49555614 0.39495953] [0.92936778 0.0842619 ]] DIRECTION=OUT
TASK=21 HOST=gs27r3b47 METHOD=multiply PARAMETER=b COMPSSTYPE=11 BASICTYPE=float64,nd.array IS_ARRAY=True DESCRIPTION=Numpy array with shape: 2x2 CONTENT=[[0.2964884  0.4517661 ] [0.34712955 0.08863206]] DIRECTION=IN
TASK=53 HOST=gs27r3b47 METHOD=multiply PARAMETER=b COMPSSTYPE=11 BASICTYPE=float64,nd.array IS_ARRAY=True DESCRIPTION=Numpy array with shape: 2x2 CONTENT=[[0.2964884  0.4517661 ] [0.34712955 0.08863206]] DIRECTION=IN
TASK=21 HOST=gs27r3b47 METHOD=multiply PARAMETER=c COMPSSTYPE=11 BASICTYPE=float64,nd.array IS_ARRAY=True DESCRIPTION=Numpy array with shape: 2x2 CONTENT=[[0. 0.] [0. 0.]] DIRECTION=IN
TASK=53 HOST=gs27r3b47 METHOD=multiply PARAMETER=c COMPSSTYPE=11 BASICTYPE=float64,nd.array IS_ARRAY=True DESCRIPTION=Numpy array with shape: 2x2 CONTENT=[[0. 0.] [0. 0.]] DIRECTION=IN
TASK=21 HOST=gs27r3b47 METHOD=multiply PARAMETER=a COMPSSTYPE=11 BASICTYPE=float64,nd.array IS_ARRAY=True DESCRIPTION=Numpy array with shape: 2x2 CONTENT=[[0.89706043 0.85108989] [0.72893634 0.34902443]] DIRECTION=OUT
TASK=53 HOST=gs27r3b47 METHOD=multiply PARAMETER=a COMPSSTYPE=11 BASICTYPE=float64,nd.array IS_ARRAY=True DESCRIPTION=Numpy array with shape: 2x2 CONTENT=[[0.84030378 0.44054696] [0.9458936  0.12566433]] DIRECTION=OUT
TASK=21 HOST=gs27r3b47 METHOD=multiply PARAMETER=b COMPSSTYPE=11 BASICTYPE=float64,nd.array IS_ARRAY=True DESCRIPTION=Numpy array with shape: 2x2 CONTENT=[[0.2964884  0.4517661 ] [0.34712955 0.08863206]] DIRECTION=OUT
TASK=53 HOST=gs27r3b47 METHOD=multiply PARAMETER=b COMPSSTYPE=11 BASICTYPE=float64,nd.array IS_ARRAY=True DESCRIPTION=Numpy array with shape: 2x2 CONTENT=[[0.2964884  0.4517661 ] [0.34712955 0.08863206]] DIRECTION=OUT
TASK=61 HOST=gs27r3b47 METHOD=multiply PARAMETER=a COMPSSTYPE=11 BASICTYPE=float64,nd.array IS_ARRAY=True DESCRIPTION=Numpy array with shape: 2x2 CONTENT=[[0.84030378 0.44054696] [0.9458936  0.12566433]] DIRECTION=IN
TASK=21 HOST=gs27r3b47 METHOD=multiply PARAMETER=c COMPSSTYPE=11 BASICTYPE=float64,nd.array IS_ARRAY=True DESCRIPTION=Numpy array with shape: 2x2 CONTENT=[[0.26596801 0.38449356] [0.25303535 0.03093476]] DIRECTION=OUT
TASK=53 HOST=gs27r3b47 METHOD=multiply PARAMETER=c COMPSSTYPE=11 BASICTYPE=float64,nd.array IS_ARRAY=True DESCRIPTION=Numpy array with shape: 2x2 CONTENT=[[0.24914032 0.19902418] [0.32834762 0.01113789]] DIRECTION=OUT
TASK=61 HOST=gs27r3b47 METHOD=multiply PARAMETER=b COMPSSTYPE=11 BASICTYPE=float64,nd.array IS_ARRAY=True DESCRIPTION=Numpy array with shape: 2x2 CONTENT=[[0.62849924 0.18208787] [0.10750842 0.45516199]] DIRECTION=IN
TASK=13 HOST=gs27r3b47 METHOD=multiply PARAMETER=a COMPSSTYPE=11 BASICTYPE=float64,nd.array IS_ARRAY=True DESCRIPTION=Numpy array with shape: 2x2 CONTENT=[[0.46946954 0.18657653] [0.87533775 0.78454902]] DIRECTION=IN
TASK=57 HOST=gs27r3b47 METHOD=multiply PARAMETER=a COMPSSTYPE=11 BASICTYPE=float64,nd.array IS_ARRAY=True DESCRIPTION=Numpy array with shape: 2x2 CONTENT=[[0.84030378 0.44054696] [0.9458936  0.12566433]] DIRECTION=IN
TASK=13 HOST=gs27r3b47 METHOD=multiply PARAMETER=b COMPSSTYPE=11 BASICTYPE=float64,nd.array IS_ARRAY=True DESCRIPTION=Numpy array with shape: 2x2 CONTENT=[[0.62849924 0.18208787] [0.10750842 0.45516199]] DIRECTION=IN
TASK=13 HOST=gs27r3b47 METHOD=multiply PARAMETER=c COMPSSTYPE=11 BASICTYPE=float64,nd.array IS_ARRAY=True DESCRIPTION=Numpy array with shape: 2x2 CONTENT=[[0. 0.] [0. 0.]] DIRECTION=IN
TASK=61 HOST=gs27r3b47 METHOD=multiply PARAMETER=c COMPSSTYPE=11 BASICTYPE=float64,nd.array IS_ARRAY=True DESCRIPTION=Numpy array with shape: 2x2 CONTENT=[[0. 0.] [0. 0.]] DIRECTION=IN
TASK=57 HOST=gs27r3b47 METHOD=multiply PARAMETER=b COMPSSTYPE=11 BASICTYPE=float64,nd.array IS_ARRAY=True DESCRIPTION=Numpy array with shape: 2x2 CONTENT=[[0.25075083 0.99677975] [0.10111495 0.05551595]] DIRECTION=IN
TASK=17 HOST=gs27r3b47 METHOD=multiply PARAMETER=a COMPSSTYPE=11 BASICTYPE=float64,nd.array IS_ARRAY=True DESCRIPTION=Numpy array with shape: 2x2 CONTENT=[[0.89706043 0.85108989] [0.72893634 0.34902443]] DIRECTION=IN
TASK=45 HOST=gs27r3b47 METHOD=multiply PARAMETER=a COMPSSTYPE=11 BASICTYPE=float64,nd.array IS_ARRAY=True DESCRIPTION=Numpy array with shape: 2x2 CONTENT=[[0.2209959  0.65594045] [0.35976229 0.84873621]] DIRECTION=IN
TASK=37 HOST=gs27r3b47 METHOD=multiply PARAMETER=a COMPSSTYPE=11 BASICTYPE=float64,nd.array IS_ARRAY=True DESCRIPTION=Numpy array with shape: 2x2 CONTENT=[[0.2209959  0.65594045] [0.35976229 0.84873621]] DIRECTION=IN
TASK=57 HOST=gs27r3b47 METHOD=multiply PARAMETER=c COMPSSTYPE=11 BASICTYPE=float64,nd.array IS_ARRAY=True DESCRIPTION=Numpy array with shape: 2x2 CONTENT=[[0. 0.] [0. 0.]] DIRECTION=IN
TASK=13 HOST=gs27r3b47 METHOD=multiply PARAMETER=a COMPSSTYPE=11 BASICTYPE=float64,nd.array IS_ARRAY=True DESCRIPTION=Numpy array with shape: 2x2 CONTENT=[[0.46946954 0.18657653] [0.87533775 0.78454902]] DIRECTION=OUT
TASK=61 HOST=gs27r3b47 METHOD=multiply PARAMETER=a COMPSSTYPE=11 BASICTYPE=float64,nd.array IS_ARRAY=True DESCRIPTION=Numpy array with shape: 2x2 CONTENT=[[0.84030378 0.44054696] [0.9458936  0.12566433]] DIRECTION=OUT
TASK=5 HOST=gs27r3b47 METHOD=multiply PARAMETER=a COMPSSTYPE=11 BASICTYPE=float64,nd.array IS_ARRAY=True DESCRIPTION=Numpy array with shape: 2x2 CONTENT=[[0.46946954 0.18657653] [0.87533775 0.78454902]] DIRECTION=IN
TASK=17 HOST=gs27r3b47 METHOD=multiply PARAMETER=b COMPSSTYPE=11 BASICTYPE=float64,nd.array IS_ARRAY=True DESCRIPTION=Numpy array with shape: 2x2 CONTENT=[[0.58973451 0.89652083] [0.98252889 0.67053153]] DIRECTION=IN
TASK=45 HOST=gs27r3b47 METHOD=multiply PARAMETER=b COMPSSTYPE=11 BASICTYPE=float64,nd.array IS_ARRAY=True DESCRIPTION=Numpy array with shape: 2x2 CONTENT=[[0.62849924 0.18208787] [0.10750842 0.45516199]] DIRECTION=IN
TASK=37 HOST=gs27r3b47 METHOD=multiply PARAMETER=b COMPSSTYPE=11 BASICTYPE=float64,nd.array IS_ARRAY=True DESCRIPTION=Numpy array with shape: 2x2 CONTENT=[[0.2964884  0.4517661 ] [0.34712955 0.08863206]] DIRECTION=IN
TASK=33 HOST=gs27r3b47 METHOD=multiply PARAMETER=a COMPSSTYPE=11 BASICTYPE=float64,nd.array IS_ARRAY=True DESCRIPTION=Numpy array with shape: 2x2 CONTENT=[[0.2209959  0.65594045] [0.35976229 0.84873621]] DIRECTION=IN
TASK=5 HOST=gs27r3b47 METHOD=multiply PARAMETER=b COMPSSTYPE=11 BASICTYPE=float64,nd.array IS_ARRAY=True DESCRIPTION=Numpy array with shape: 2x2 CONTENT=[[0.2964884  0.4517661 ] [0.34712955 0.08863206]] DIRECTION=IN
TASK=61 HOST=gs27r3b47 METHOD=multiply PARAMETER=b COMPSSTYPE=11 BASICTYPE=float64,nd.array IS_ARRAY=True DESCRIPTION=Numpy array with shape: 2x2 CONTENT=[[0.62849924 0.18208787] [0.10750842 0.45516199]] DIRECTION=OUT
TASK=13 HOST=gs27r3b47 METHOD=multiply PARAMETER=b COMPSSTYPE=11 BASICTYPE=float64,nd.array IS_ARRAY=True DESCRIPTION=Numpy array with shape: 2x2 CONTENT=[[0.62849924 0.18208787] [0.10750842 0.45516199]] DIRECTION=OUT
TASK=5 HOST=gs27r3b47 METHOD=multiply PARAMETER=c COMPSSTYPE=11 BASICTYPE=float64,nd.array IS_ARRAY=True DESCRIPTION=Numpy array with shape: 2x2 CONTENT=[[0. 0.] [0. 0.]] DIRECTION=IN
TASK=45 HOST=gs27r3b47 METHOD=multiply PARAMETER=c COMPSSTYPE=11 BASICTYPE=float64,nd.array IS_ARRAY=True DESCRIPTION=Numpy array with shape: 2x2 CONTENT=[[0. 0.] [0. 0.]] DIRECTION=IN
TASK=33 HOST=gs27r3b47 METHOD=multiply PARAMETER=b COMPSSTYPE=11 BASICTYPE=float64,nd.array IS_ARRAY=True DESCRIPTION=Numpy array with shape: 2x2 CONTENT=[[0.58973451 0.89652083] [0.98252889 0.67053153]] DIRECTION=IN
TASK=57 HOST=gs27r3b47 METHOD=multiply PARAMETER=a COMPSSTYPE=11 BASICTYPE=float64,nd.array IS_ARRAY=True DESCRIPTION=Numpy array with shape: 2x2 CONTENT=[[0.84030378 0.44054696] [0.9458936  0.12566433]] DIRECTION=OUT
TASK=1 HOST=gs27r3b47 METHOD=multiply PARAMETER=a COMPSSTYPE=11 BASICTYPE=float64,nd.array IS_ARRAY=True DESCRIPTION=Numpy array with shape: 2x2 CONTENT=[[0.46946954 0.18657653] [0.87533775 0.78454902]] DIRECTION=IN
TASK=61 HOST=gs27r3b47 METHOD=multiply PARAMETER=c COMPSSTYPE=11 BASICTYPE=float64,nd.array IS_ARRAY=True DESCRIPTION=Numpy array with shape: 2x2 CONTENT=[[0.52813029 0.08021826] [0.10169153 0.05719763]] DIRECTION=OUT
TASK=5 HOST=gs27r3b47 METHOD=multiply PARAMETER=a COMPSSTYPE=11 BASICTYPE=float64,nd.array IS_ARRAY=True DESCRIPTION=Numpy array with shape: 2x2 CONTENT=[[0.46946954 0.18657653] [0.87533775 0.78454902]] DIRECTION=OUT
TASK=17 HOST=gs27r3b47 METHOD=multiply PARAMETER=c COMPSSTYPE=11 BASICTYPE=float64,nd.array IS_ARRAY=True DESCRIPTION=Numpy array with shape: 2x2 CONTENT=[[0. 0.] [0. 0.]] DIRECTION=IN
TASK=33 HOST=gs27r3b47 METHOD=multiply PARAMETER=c COMPSSTYPE=11 BASICTYPE=float64,nd.array IS_ARRAY=True DESCRIPTION=Numpy array with shape: 2x2 CONTENT=[[0. 0.] [0. 0.]] DIRECTION=IN
TASK=45 HOST=gs27r3b47 METHOD=multiply PARAMETER=a COMPSSTYPE=11 BASICTYPE=float64,nd.array IS_ARRAY=True DESCRIPTION=Numpy array with shape: 2x2 CONTENT=[[0.2209959  0.65594045] [0.35976229 0.84873621]] DIRECTION=OUT
TASK=57 HOST=gs27r3b47 METHOD=multiply PARAMETER=b COMPSSTYPE=11 BASICTYPE=float64,nd.array IS_ARRAY=True DESCRIPTION=Numpy array with shape: 2x2 CONTENT=[[0.25075083 0.99677975] [0.10111495 0.05551595]] DIRECTION=OUT
TASK=13 HOST=gs27r3b47 METHOD=multiply PARAMETER=c COMPSSTYPE=11 BASICTYPE=float64,nd.array IS_ARRAY=True DESCRIPTION=Numpy array with shape: 2x2 CONTENT=[[0.29506125 0.03397332] [0.09410618 0.3570969 ]] DIRECTION=OUT
TASK=37 HOST=gs27r3b47 METHOD=multiply PARAMETER=c COMPSSTYPE=11 BASICTYPE=float64,nd.array IS_ARRAY=True DESCRIPTION=Numpy array with shape: 2x2 CONTENT=[[0. 0.] [0. 0.]] DIRECTION=IN
TASK=29 HOST=gs27r3b47 METHOD=multiply PARAMETER=a COMPSSTYPE=11 BASICTYPE=float64,nd.array IS_ARRAY=True DESCRIPTION=Numpy array with shape: 2x2 CONTENT=[[0.89706043 0.85108989] [0.72893634 0.34902443]] DIRECTION=IN
TASK=5 HOST=gs27r3b47 METHOD=multiply PARAMETER=b COMPSSTYPE=11 BASICTYPE=float64,nd.array IS_ARRAY=True DESCRIPTION=Numpy array with shape: 2x2 CONTENT=[[0.2964884  0.4517661 ] [0.34712955 0.08863206]] DIRECTION=OUT
TASK=1 HOST=gs27r3b47 METHOD=multiply PARAMETER=b COMPSSTYPE=11 BASICTYPE=float64,nd.array IS_ARRAY=True DESCRIPTION=Numpy array with shape: 2x2 CONTENT=[[0.58973451 0.89652083] [0.98252889 0.67053153]] DIRECTION=IN
TASK=45 HOST=gs27r3b47 METHOD=multiply PARAMETER=b COMPSSTYPE=11 BASICTYPE=float64,nd.array IS_ARRAY=True DESCRIPTION=Numpy array with shape: 2x2 CONTENT=[[0.62849924 0.18208787] [0.10750842 0.45516199]] DIRECTION=OUT
TASK=57 HOST=gs27r3b47 METHOD=multiply PARAMETER=c COMPSSTYPE=11 BASICTYPE=float64,nd.array IS_ARRAY=True DESCRIPTION=Numpy array with shape: 2x2 CONTENT=[[0.21070688 0.43912829] [0.09564399 0.00697637]] DIRECTION=OUT
TASK=5 HOST=gs27r3b47 METHOD=multiply PARAMETER=c COMPSSTYPE=11 BASICTYPE=float64,nd.array IS_ARRAY=True DESCRIPTION=Numpy array with shape: 2x2 CONTENT=[[0.13919227 0.08428895] [0.3038556  0.0695362 ]] DIRECTION=OUT
TASK=1 HOST=gs27r3b47 METHOD=multiply PARAMETER=c COMPSSTYPE=11 BASICTYPE=float64,nd.array IS_ARRAY=True DESCRIPTION=Numpy array with shape: 2x2 CONTENT=[[0. 0.] [0. 0.]] DIRECTION=IN
TASK=45 HOST=gs27r3b47 METHOD=multiply PARAMETER=c COMPSSTYPE=11 BASICTYPE=float64,nd.array IS_ARRAY=True DESCRIPTION=Numpy array with shape: 2x2 CONTENT=[[0.13889575 0.1194388 ] [0.03867748 0.38631246]] DIRECTION=OUT
TASK=29 HOST=gs27r3b47 METHOD=multiply PARAMETER=b COMPSSTYPE=11 BASICTYPE=float64,nd.array IS_ARRAY=True DESCRIPTION=Numpy array with shape: 2x2 CONTENT=[[0.62849924 0.18208787] [0.10750842 0.45516199]] DIRECTION=IN
TASK=29 HOST=gs27r3b47 METHOD=multiply PARAMETER=c COMPSSTYPE=11 BASICTYPE=float64,nd.array IS_ARRAY=True DESCRIPTION=Numpy array with shape: 2x2 CONTENT=[[0. 0.] [0. 0.]] DIRECTION=IN
TASK=17 HOST=gs27r3b47 METHOD=multiply PARAMETER=a COMPSSTYPE=11 BASICTYPE=float64,nd.array IS_ARRAY=True DESCRIPTION=Numpy array with shape: 2x2 CONTENT=[[0.89706043 0.85108989] [0.72893634 0.34902443]] DIRECTION=OUT
TASK=33 HOST=gs27r3b47 METHOD=multiply PARAMETER=a COMPSSTYPE=11 BASICTYPE=float64,nd.array IS_ARRAY=True DESCRIPTION=Numpy array with shape: 2x2 CONTENT=[[0.2209959  0.65594045] [0.35976229 0.84873621]] DIRECTION=OUT
TASK=37 HOST=gs27r3b47 METHOD=multiply PARAMETER=a COMPSSTYPE=11 BASICTYPE=float64,nd.array IS_ARRAY=True DESCRIPTION=Numpy array with shape: 2x2 CONTENT=[[0.2209959  0.65594045] [0.35976229 0.84873621]] DIRECTION=OUT
TASK=17 HOST=gs27r3b47 METHOD=multiply PARAMETER=b COMPSSTYPE=11 BASICTYPE=float64,nd.array IS_ARRAY=True DESCRIPTION=Numpy array with shape: 2x2 CONTENT=[[0.58973451 0.89652083] [0.98252889 0.67053153]] DIRECTION=OUT
TASK=33 HOST=gs27r3b47 METHOD=multiply PARAMETER=b COMPSSTYPE=11 BASICTYPE=float64,nd.array IS_ARRAY=True DESCRIPTION=Numpy array with shape: 2x2 CONTENT=[[0.58973451 0.89652083] [0.98252889 0.67053153]] DIRECTION=OUT
TASK=1 HOST=gs27r3b47 METHOD=multiply PARAMETER=a COMPSSTYPE=11 BASICTYPE=float64,nd.array IS_ARRAY=True DESCRIPTION=Numpy array with shape: 2x2 CONTENT=[[0.46946954 0.18657653] [0.87533775 0.78454902]] DIRECTION=OUT
TASK=37 HOST=gs27r3b47 METHOD=multiply PARAMETER=b COMPSSTYPE=11 BASICTYPE=float64,nd.array IS_ARRAY=True DESCRIPTION=Numpy array with shape: 2x2 CONTENT=[[0.2964884  0.4517661 ] [0.34712955 0.08863206]] DIRECTION=OUT
TASK=33 HOST=gs27r3b47 METHOD=multiply PARAMETER=c COMPSSTYPE=11 BASICTYPE=float64,nd.array IS_ARRAY=True DESCRIPTION=Numpy array with shape: 2x2 CONTENT=[[0.13032891 0.58806428] [0.35347684 0.56910439]] DIRECTION=OUT
TASK=17 HOST=gs27r3b47 METHOD=multiply PARAMETER=c COMPSSTYPE=11 BASICTYPE=float64,nd.array IS_ARRAY=True DESCRIPTION=Numpy array with shape: 2x2 CONTENT=[[0.5290275  0.76301981] [0.71620101 0.23403188]] DIRECTION=OUT
TASK=37 HOST=gs27r3b47 METHOD=multiply PARAMETER=c COMPSSTYPE=11 BASICTYPE=float64,nd.array IS_ARRAY=True DESCRIPTION=Numpy array with shape: 2x2 CONTENT=[[0.06552272 0.29633166] [0.12488412 0.07522524]] DIRECTION=OUT
TASK=1 HOST=gs27r3b47 METHOD=multiply PARAMETER=b COMPSSTYPE=11 BASICTYPE=float64,nd.array IS_ARRAY=True DESCRIPTION=Numpy array with shape: 2x2 CONTENT=[[0.58973451 0.89652083] [0.98252889 0.67053153]] DIRECTION=OUT
TASK=29 HOST=gs27r3b47 METHOD=multiply PARAMETER=a COMPSSTYPE=11 BASICTYPE=float64,nd.array IS_ARRAY=True DESCRIPTION=Numpy array with shape: 2x2 CONTENT=[[0.89706043 0.85108989] [0.72893634 0.34902443]] DIRECTION=OUT
TASK=1 HOST=gs27r3b47 METHOD=multiply PARAMETER=c COMPSSTYPE=11 BASICTYPE=float64,nd.array IS_ARRAY=True DESCRIPTION=Numpy array with shape: 2x2 CONTENT=[[0.27686239 0.16726974] [0.86004462 0.52606486]] DIRECTION=OUT
TASK=29 HOST=gs27r3b47 METHOD=multiply PARAMETER=b COMPSSTYPE=11 BASICTYPE=float64,nd.array IS_ARRAY=True DESCRIPTION=Numpy array with shape: 2x2 CONTENT=[[0.62849924 0.18208787] [0.10750842 0.45516199]] DIRECTION=OUT
TASK=29 HOST=gs27r3b47 METHOD=multiply PARAMETER=c COMPSSTYPE=11 BASICTYPE=float64,nd.array IS_ARRAY=True DESCRIPTION=Numpy array with shape: 2x2 CONTENT=[[0.5638018  0.15497314] [0.0783668  0.15886265]] DIRECTION=OUT
