3.4.post2607
matmul_objects.py
2026-07-30T13:03:50.295328Z
task 1 matmul_objects.multiply a.FILE_T.READ::b.FILE_T.READ::c.FILE_T.UPDATE
task 2 matmul_objects.multiply a.FILE_T.READ::b.FILE_T.READ::c.FILE_T.UPDATE
task 3 matmul_objects.multiply a.FILE_T.READ::b.FILE_T.READ::c.FILE_T.UPDATE
task 4 matmul_objects.multiply a.FILE_T.READ::b.FILE_T.READ::c.FILE_T.UPDATE
task 5 matmul_objects.multiply a.FILE_T.READ::b.FILE_T.READ::c.FILE_T.UPDATE
task 6 matmul_objects.multiply a.FILE_T.READ::b.FILE_T.READ::c.FILE_T.UPDATE
task 7 matmul_objects.multiply a.FILE_T.READ::b.FILE_T.READ::c.FILE_T.UPDATE
task 8 matmul_objects.multiply a.FILE_T.READ::b.FILE_T.READ::c.FILE_T.UPDATE
task 9 matmul_objects.multiply a.FILE_T.READ::b.FILE_T.READ::c.FILE_T.UPDATE
task 10 matmul_objects.multiply a.FILE_T.READ::b.FILE_T.READ::c.FILE_T.UPDATE
task 11 matmul_objects.multiply a.FILE_T.READ::b.FILE_T.READ::c.FILE_T.UPDATE
task 12 matmul_objects.multiply a.FILE_T.READ::b.FILE_T.READ::c.FILE_T.UPDATE
task 13 matmul_objects.multiply a.FILE_T.READ::b.FILE_T.READ::c.FILE_T.UPDATE
task 14 matmul_objects.multiply a.FILE_T.READ::b.FILE_T.READ::c.FILE_T.UPDATE
task 15 matmul_objects.multiply a.FILE_T.READ::b.FILE_T.READ::c.FILE_T.UPDATE
task 16 matmul_objects.multiply a.FILE_T.READ::b.FILE_T.READ::c.FILE_T.UPDATE
task 17 matmul_objects.multiply a.FILE_T.READ::b.FILE_T.READ::c.FILE_T.UPDATE
task 18 matmul_objects.multiply a.FILE_T.READ::b.FILE_T.READ::c.FILE_T.UPDATE
task 19 matmul_objects.multiply a.FILE_T.READ::b.FILE_T.READ::c.FILE_T.UPDATE
task 20 matmul_objects.multiply a.FILE_T.READ::b.FILE_T.READ::c.FILE_T.UPDATE
task 21 matmul_objects.multiply a.FILE_T.READ::b.FILE_T.READ::c.FILE_T.UPDATE
task 22 matmul_objects.multiply a.FILE_T.READ::b.FILE_T.READ::c.FILE_T.UPDATE
task 23 matmul_objects.multiply a.FILE_T.READ::b.FILE_T.READ::c.FILE_T.UPDATE
task 24 matmul_objects.multiply a.FILE_T.READ::b.FILE_T.READ::c.FILE_T.UPDATE
task 25 matmul_objects.multiply a.FILE_T.READ::b.FILE_T.READ::c.FILE_T.UPDATE
task 26 matmul_objects.multiply a.FILE_T.READ::b.FILE_T.READ::c.FILE_T.UPDATE
task 27 matmul_objects.multiply a.FILE_T.READ::b.FILE_T.READ::c.FILE_T.UPDATE
task 28 matmul_objects.multiply a.FILE_T.READ::b.FILE_T.READ::c.FILE_T.UPDATE
task 29 matmul_objects.multiply a.FILE_T.READ::b.FILE_T.READ::c.FILE_T.UPDATE
task 30 matmul_objects.multiply a.FILE_T.READ::b.FILE_T.READ::c.FILE_T.UPDATE
task 31 matmul_objects.multiply a.FILE_T.READ::b.FILE_T.READ::c.FILE_T.UPDATE
task 32 matmul_objects.multiply a.FILE_T.READ::b.FILE_T.READ::c.FILE_T.UPDATE
task 33 matmul_objects.multiply a.FILE_T.READ::b.FILE_T.READ::c.FILE_T.UPDATE
task 34 matmul_objects.multiply a.FILE_T.READ::b.FILE_T.READ::c.FILE_T.UPDATE
task 35 matmul_objects.multiply a.FILE_T.READ::b.FILE_T.READ::c.FILE_T.UPDATE
task 36 matmul_objects.multiply a.FILE_T.READ::b.FILE_T.READ::c.FILE_T.UPDATE
task 37 matmul_objects.multiply a.FILE_T.READ::b.FILE_T.READ::c.FILE_T.UPDATE
task 38 matmul_objects.multiply a.FILE_T.READ::b.FILE_T.READ::c.FILE_T.UPDATE
task 39 matmul_objects.multiply a.FILE_T.READ::b.FILE_T.READ::c.FILE_T.UPDATE
task 40 matmul_objects.multiply a.FILE_T.READ::b.FILE_T.READ::c.FILE_T.UPDATE
task 41 matmul_objects.multiply a.FILE_T.READ::b.FILE_T.READ::c.FILE_T.UPDATE
task 42 matmul_objects.multiply a.FILE_T.READ::b.FILE_T.READ::c.FILE_T.UPDATE
task 43 matmul_objects.multiply a.FILE_T.READ::b.FILE_T.READ::c.FILE_T.UPDATE
task 44 matmul_objects.multiply a.FILE_T.READ::b.FILE_T.READ::c.FILE_T.UPDATE
task 45 matmul_objects.multiply a.FILE_T.READ::b.FILE_T.READ::c.FILE_T.UPDATE
task 46 matmul_objects.multiply a.FILE_T.READ::b.FILE_T.READ::c.FILE_T.UPDATE
task 47 matmul_objects.multiply a.FILE_T.READ::b.FILE_T.READ::c.FILE_T.UPDATE
task 48 matmul_objects.multiply a.FILE_T.READ::b.FILE_T.READ::c.FILE_T.UPDATE
task 49 matmul_objects.multiply a.FILE_T.READ::b.FILE_T.READ::c.FILE_T.UPDATE
task 50 matmul_objects.multiply a.FILE_T.READ::b.FILE_T.READ::c.FILE_T.UPDATE
task 51 matmul_objects.multiply a.FILE_T.READ::b.FILE_T.READ::c.FILE_T.UPDATE
task 52 matmul_objects.multiply a.FILE_T.READ::b.FILE_T.READ::c.FILE_T.UPDATE
task 53 matmul_objects.multiply a.FILE_T.READ::b.FILE_T.READ::c.FILE_T.UPDATE
task 54 matmul_objects.multiply a.FILE_T.READ::b.FILE_T.READ::c.FILE_T.UPDATE
task 55 matmul_objects.multiply a.FILE_T.READ::b.FILE_T.READ::c.FILE_T.UPDATE
task 56 matmul_objects.multiply a.FILE_T.READ::b.FILE_T.READ::c.FILE_T.UPDATE
task 57 matmul_objects.multiply a.FILE_T.READ::b.FILE_T.READ::c.FILE_T.UPDATE
task 58 matmul_objects.multiply a.FILE_T.READ::b.FILE_T.READ::c.FILE_T.UPDATE
task 59 matmul_objects.multiply a.FILE_T.READ::b.FILE_T.READ::c.FILE_T.UPDATE
task 60 matmul_objects.multiply a.FILE_T.READ::b.FILE_T.READ::c.FILE_T.UPDATE
task 61 matmul_objects.multiply a.FILE_T.READ::b.FILE_T.READ::c.FILE_T.UPDATE
task 62 matmul_objects.multiply a.FILE_T.READ::b.FILE_T.READ::c.FILE_T.UPDATE
task 63 matmul_objects.multiply a.FILE_T.READ::b.FILE_T.READ::c.FILE_T.UPDATE
task 64 matmul_objects.multiply a.FILE_T.READ::b.FILE_T.READ::c.FILE_T.UPDATE
task 25 status FINISHED
task 41 status FINISHED
task 53 status FINISHED
task 49 status FINISHED
task 9 status FINISHED
task 21 status FINISHED
task 57 status FINISHED
task 17 status FINISHED
task 13 status FINISHED
task 37 status FINISHED
task 45 status FINISHED
task 33 status FINISHED
task 5 status FINISHED
task 29 status FINISHED
task 61 status FINISHED
task 1 status FINISHED
task 10 status FINISHED
task 46 status FINISHED
task 50 status FINISHED
task 34 status FINISHED
task 38 status FINISHED
task 26 status FINISHED
task 58 status FINISHED
task 54 status FINISHED
task 22 status FINISHED
task 6 status FINISHED
task 62 status FINISHED
task 2 status FINISHED
task 30 status FINISHED
task 14 status FINISHED
task 42 status FINISHED
task 18 status FINISHED
task 63 status FINISHED
task 27 status FINISHED
task 15 status FINISHED
task 3 status FINISHED
task 35 status FINISHED
task 31 status FINISHED
task 59 status FINISHED
task 23 status FINISHED
task 55 status FINISHED
task 19 status FINISHED
task 11 status FINISHED
task 43 status FINISHED
task 39 status FINISHED
task 7 status FINISHED
task 47 status FINISHED
task 51 status FINISHED
task 56 status FINISHED
task 44 status FINISHED
task 52 status FINISHED
task 24 status FINISHED
task 64 status FINISHED
task 40 status FINISHED
task 60 status FINISHED
task 8 status FINISHED
task 36 status FINISHED
task 32 status FINISHED
task 20 status FINISHED
task 12 status FINISHED
task 4 status FINISHED
task 48 status FINISHED
task 16 status FINISHED
task 28 status FINISHED
gs27r3b47-ib0        matmul_objects.multiply                  maxTime         588
gs27r3b47-ib0        matmul_objects.multiply                  executions      16
gs27r3b47-ib0        matmul_objects.multiply                  avgTime         573
gs27r3b47-ib0        matmul_objects.multiply                  minTime         564
gs27r3b46-ib0        matmul_objects.multiply                  maxTime         650
gs27r3b46-ib0        matmul_objects.multiply                  executions      16
gs27r3b46-ib0        matmul_objects.multiply                  avgTime         616
gs27r3b46-ib0        matmul_objects.multiply                  minTime         594
gs27r3b23-ib0        matmul_objects.multiply                  maxTime         668
gs27r3b23-ib0        matmul_objects.multiply                  executions      16
gs27r3b23-ib0        matmul_objects.multiply                  avgTime         652
gs27r3b23-ib0        matmul_objects.multiply                  minTime         649
gs27r3b50-ib0        matmul_objects.multiply                  maxTime         492
gs27r3b50-ib0        matmul_objects.multiply                  executions      16
gs27r3b50-ib0        matmul_objects.multiply                  avgTime         477
gs27r3b50-ib0        matmul_objects.multiply                  minTime         473
overall              matmul_objects.multiply                  maxTime         668
overall              matmul_objects.multiply                  executions      64
overall              matmul_objects.multiply                  avgTime         579
overall              matmul_objects.multiply                  minTime         473
2026-07-30T13:03:56.762610Z
